[0.009s][info][gc] Using Serial
[32.572s][info][gc] GC(0) Pause Young (Allocation Failure) 4M->2M(15M) 4.937ms
[32.686s][info][gc] GC(1) Pause Young (Allocation Failure) 6M->3M(15M) 3.596ms
[32.770s][info][gc] GC(2) Pause Young (Allocation Failure) 7M->4M(15M) 4.837ms
[32.959s][info][gc] GC(3) Pause Young (Allocation Failure) 8M->4M(15M) 3.008ms
[35.167s][info][gc] GC(4) Pause Young (Allocation Failure) 8M->5M(15M) 4.766ms
[73.618s][info][gc] GC(5) Pause Young (Allocation Failure) 9M->5M(15M) 2.377ms
[115.889s][info][gc] GC(6) Pause Young (Allocation Failure) 9M->5M(15M) 0.754ms
[124.409s][info][gc] GC(7) Pause Young (Allocation Failure) 9M->7M(15M) 3.962ms
[124.437s][info][gc] GC(8) Pause Young (Allocation Failure) 11M->9M(15M) 5.834ms
[124.457s][info][gc] GC(9) Pause Young (Allocation Failure) 14M->14M(15M) 0.050ms
[124.483s][info][gc] GC(10) Pause Full (Allocation Failure) 14M->8M(15M) 26.639ms
[124.505s][info][gc] GC(11) Pause Young (Allocation Failure) 12M->10M(15M) 5.737ms
[124.521s][info][gc] GC(12) Pause Young (Allocation Failure) 15M->15M(15M) 0.049ms
[124.547s][info][gc] GC(13) Pause Full (Allocation Failure) 15M->8M(15M) 25.411ms
[124.573s][info][gc] GC(14) Pause Young (Allocation Failure) 12M->10M(15M) 4.953ms
[150.688s][info][gc] GC(15) Pause Young (Allocation Failure) 15M->15M(15M) 0.061ms
[150.707s][info][gc] GC(16) Pause Full (Allocation Failure) 15M->6M(15M) 19.744ms
