[0.010s][info][gc] Using Serial
[1.098s][info][gc] GC(0) Pause Young (Allocation Failure) 4M->2M(15M) 4.529ms
[9.148s][info][gc] GC(1) Pause Young (Allocation Failure) 6M->3M(15M) 3.896ms
[9.232s][info][gc] GC(2) Pause Young (Allocation Failure) 7M->4M(15M) 4.330ms
[10.738s][info][gc] GC(3) Pause Young (Allocation Failure) 8M->4M(15M) 3.496ms
[11.043s][info][gc] GC(4) Pause Young (Allocation Failure) 8M->5M(15M) 4.457ms
[28.124s][info][gc] GC(5) Pause Young (Allocation Failure) 9M->5M(15M) 3.276ms
[47.815s][info][gc] GC(6) Pause Young (Allocation Failure) 10M->5M(15M) 1.837ms
[47.829s][info][gc] GC(7) Pause Young (Allocation Failure) 10M->5M(15M) 0.507ms
[47.842s][info][gc] GC(8) Pause Young (Allocation Failure) 10M->5M(15M) 0.488ms
[47.867s][info][gc] GC(9) Pause Young (Allocation Failure) 10M->5M(15M) 0.333ms
[47.877s][info][gc] GC(10) Pause Young (Allocation Failure) 10M->5M(15M) 0.399ms
[47.883s][info][gc] GC(11) Pause Young (Allocation Failure) 10M->5M(15M) 0.431ms
[47.888s][info][gc] GC(12) Pause Young (Allocation Failure) 10M->5M(15M) 0.427ms
[68.133s][info][gc] GC(13) Pause Young (Allocation Failure) 10M->5M(15M) 0.997ms
[112.154s][info][gc] GC(14) Pause Young (Allocation Failure) 10M->5M(15M) 0.963ms
[123.001s][info][gc] GC(15) Pause Young (Allocation Failure) 10M->5M(15M) 0.873ms
[123.005s][info][gc] GC(16) Pause Young (Allocation Failure) 10M->5M(15M) 0.566ms
[123.010s][info][gc] GC(17) Pause Young (Allocation Failure) 10M->5M(15M) 0.561ms
[123.016s][info][gc] GC(18) Pause Young (Allocation Failure) 10M->5M(15M) 0.590ms
[123.020s][info][gc] GC(19) Pause Young (Allocation Failure) 10M->5M(15M) 0.567ms
[123.025s][info][gc] GC(20) Pause Young (Allocation Failure) 10M->5M(15M) 0.489ms
[123.030s][info][gc] GC(21) Pause Young (Allocation Failure) 10M->5M(15M) 0.583ms
[156.186s][info][gc] GC(22) Pause Young (Allocation Failure) 10M->5M(15M) 1.117ms
