[0.007s][info][gc] Using Serial
[5.254s][info][gc] GC(0) Pause Young (Allocation Failure) 4M->2M(15M) 4.945ms
[5.366s][info][gc] GC(1) Pause Young (Allocation Failure) 6M->3M(15M) 3.705ms
[5.444s][info][gc] GC(2) Pause Young (Allocation Failure) 7M->4M(15M) 4.267ms
[5.652s][info][gc] GC(3) Pause Young (Allocation Failure) 8M->4M(15M) 2.901ms
[8.066s][info][gc] GC(4) Pause Young (Allocation Failure) 8M->5M(15M) 4.715ms
[44.493s][info][gc] GC(5) Pause Young (Allocation Failure) 9M->5M(15M) 2.539ms
[84.579s][info][gc] GC(6) Pause Young (Allocation Failure) 9M->5M(15M) 0.882ms
[98.909s][info][gc] GC(7) Pause Young (Allocation Failure) 9M->7M(15M) 3.169ms
[98.932s][info][gc] GC(8) Pause Young (Allocation Failure) 11M->9M(15M) 4.661ms
[98.949s][info][gc] GC(9) Pause Young (Allocation Failure) 13M->13M(15M) 0.044ms
[98.974s][info][gc] GC(10) Pause Full (Allocation Failure) 13M->8M(15M) 25.146ms
[98.995s][info][gc] GC(11) Pause Young (Allocation Failure) 12M->10M(15M) 5.002ms
[99.010s][info][gc] GC(12) Pause Young (Allocation Failure) 14M->14M(15M) 0.045ms
[99.033s][info][gc] GC(13) Pause Full (Allocation Failure) 14M->8M(15M) 23.564ms
[99.051s][info][gc] GC(14) Pause Young (Allocation Failure) 12M->10M(15M) 4.586ms
[116.353s][info][gc] GC(15) Pause Young (Allocation Failure) 15M->15M(15M) 0.055ms
[116.375s][info][gc] GC(16) Pause Full (Allocation Failure) 15M->6M(15M) 21.156ms
[158.976s][info][gc] GC(17) Pause Young (Allocation Failure) 11M->6M(15M) 1.677ms
[200.514s][info][gc] GC(18) Pause Young (Allocation Failure) 11M->6M(15M) 0.546ms
[226.972s][info][gc] GC(19) Pause Young (Allocation Failure) 11M->7M(15M) 1.757ms
[226.987s][info][gc] GC(20) Pause Young (Allocation Failure) 12M->10M(15M) 3.838ms
[227.000s][info][gc] GC(21) Pause Young (Allocation Failure) 14M->14M(15M) 0.051ms
[227.030s][info][gc] GC(22) Pause Full (Allocation Failure) 14M->7M(15M) 29.761ms
[227.048s][info][gc] GC(23) Pause Young (Allocation Failure) 12M->10M(15M) 4.725ms
[227.059s][info][gc] GC(24) Pause Young (Allocation Failure) 14M->14M(15M) 0.044ms
[227.080s][info][gc] GC(25) Pause Full (Allocation Failure) 14M->8M(15M) 20.898ms
[227.093s][info][gc] GC(26) Pause Young (Allocation Failure) 12M->12M(15M) 0.047ms
[227.110s][info][gc] GC(27) Pause Full (Allocation Failure) 12M->7M(15M) 17.040ms
[234.936s][info][gc] GC(28) Pause Young (Allocation Failure) 11M->8M(15M) 3.883ms
[270.424s][info][gc] GC(29) Pause Young (Allocation Failure) 13M->13M(15M) 0.063ms
[270.444s][info][gc] GC(30) Pause Full (Allocation Failure) 13M->5M(15M) 19.787ms
