[0.007s][info][gc] Using Parallel
[1.041s][info][gc] GC(0) Pause Young (Allocation Failure) 3M->1M(11M) 3.339ms
[4.922s][info][gc] GC(1) Pause Young (Allocation Failure) 4M->2M(11M) 2.716ms
[4.996s][info][gc] GC(2) Pause Young (Allocation Failure) 5M->3M(11M) 1.546ms
[5.052s][info][gc] GC(3) Pause Young (Allocation Failure) 6M->4M(11M) 3.351ms
[5.083s][info][gc] GC(4) Pause Young (Allocation Failure) 7M->5M(11M) 3.450ms
[6.251s][info][gc] GC(5) Pause Young (Allocation Failure) 8M->6M(10M) 4.264ms
[6.366s][info][gc] GC(6) Pause Young (Allocation Failure) 8M->7M(11M) 2.956ms
[6.381s][info][gc] GC(7) Pause Full (Ergonomics) 7M->4M(11M) 14.450ms
[14.516s][info][gc] GC(8) Pause Young (Allocation Failure) 6M->4M(11M) 0.626ms
[31.717s][info][gc] GC(9) Pause Young (Allocation Failure) 6M->4M(11M) 0.619ms
[49.981s][info][gc] GC(10) Pause Young (Allocation Failure) 6M->4M(11M) 0.827ms
[68.251s][info][gc] GC(11) Pause Young (Allocation Failure) 6M->4M(11M) 0.540ms
[87.064s][info][gc] GC(12) Pause Young (Allocation Failure) 6M->4M(11M) 0.382ms
[105.744s][info][gc] GC(13) Pause Young (Allocation Failure) 6M->4M(11M) 0.346ms
[125.041s][info][gc] GC(14) Pause Young (Allocation Failure) 6M->4M(11M) 0.336ms
[144.297s][info][gc] GC(15) Pause Young (Allocation Failure) 6M->4M(11M) 0.342ms
[163.685s][info][gc] GC(16) Pause Young (Allocation Failure) 6M->4M(11M) 0.360ms
[182.888s][info][gc] GC(17) Pause Young (Allocation Failure) 6M->4M(11M) 0.407ms
[201.099s][info][gc] GC(18) Pause Young (Allocation Failure) 6M->4M(11M) 0.351ms
[220.193s][info][gc] GC(19) Pause Young (Allocation Failure) 6M->4M(11M) 0.332ms
[238.677s][info][gc] GC(20) Pause Young (Allocation Failure) 6M->4M(11M) 0.303ms
[257.944s][info][gc] GC(21) Pause Young (Allocation Failure) 6M->4M(11M) 0.346ms
[277.241s][info][gc] GC(22) Pause Young (Allocation Failure) 6M->4M(11M) 0.345ms
[297.022s][info][gc] GC(23) Pause Young (Allocation Failure) 6M->4M(11M) 0.325ms
[312.788s][info][gc] GC(24) Pause Young (Allocation Failure) 6M->4M(11M) 0.374ms
[333.055s][info][gc] GC(25) Pause Young (Allocation Failure) 6M->4M(11M) 0.351ms
[353.367s][info][gc] GC(26) Pause Young (Allocation Failure) 6M->4M(11M) 0.568ms
[372.775s][info][gc] GC(27) Pause Young (Allocation Failure) 6M->4M(11M) 0.300ms
[392.888s][info][gc] GC(28) Pause Young (Allocation Failure) 6M->4M(11M) 0.350ms
[411.169s][info][gc] GC(29) Pause Young (Allocation Failure) 6M->4M(11M) 0.324ms
[429.756s][info][gc] GC(30) Pause Young (Allocation Failure) 6M->4M(11M) 0.414ms
[439.502s][info][gc] GC(31) Pause Young (Allocation Failure) 6M->5M(11M) 0.617ms
[458.727s][info][gc] GC(32) Pause Young (Allocation Failure) 7M->5M(11M) 0.311ms
[478.000s][info][gc] GC(33) Pause Young (Allocation Failure) 7M->5M(11M) 0.356ms
[497.299s][info][gc] GC(34) Pause Young (Allocation Failure) 7M->5M(11M) 1.225ms
[516.922s][info][gc] GC(35) Pause Young (Allocation Failure) 7M->5M(11M) 0.340ms
[536.846s][info][gc] GC(36) Pause Young (Allocation Failure) 7M->5M(11M) 0.426ms
[557.159s][info][gc] GC(37) Pause Young (Allocation Failure) 7M->5M(11M) 0.370ms
[576.456s][info][gc] GC(38) Pause Young (Allocation Failure) 7M->5M(11M) 0.390ms
[595.740s][info][gc] GC(39) Pause Young (Allocation Failure) 7M->5M(11M) 0.374ms
[615.037s][info][gc] GC(40) Pause Young (Allocation Failure) 7M->5M(11M) 0.353ms
[634.334s][info][gc] GC(41) Pause Young (Allocation Failure) 7M->5M(11M) 0.379ms
[658.696s][info][gc] GC(42) Pause Young (Allocation Failure) 8M->5M(11M) 0.390ms
[684.056s][info][gc] GC(43) Pause Young (Allocation Failure) 8M->5M(11M) 0.386ms
[709.446s][info][gc] GC(44) Pause Young (Allocation Failure) 8M->5M(11M) 0.375ms
[719.196s][info][gc] GC(45) Pause Young (Allocation Failure) 8M->6M(11M) 0.784ms
[719.201s][info][gc] GC(46) Pause Young (Allocation Failure) 9M->6M(11M) 0.283ms
[719.220s][info][gc] GC(47) Pause Young (Allocation Failure) 9M->6M(11M) 0.249ms
[719.231s][info][gc] GC(48) Pause Young (Allocation Failure) 9M->7M(11M) 0.260ms
[719.235s][info][gc] GC(49) Pause Young (Allocation Failure) 10M->7M(11M) 0.339ms
[719.240s][info][gc] GC(50) Pause Young (Allocation Failure) 10M->7M(11M) 0.423ms
[719.264s][info][gc] GC(51) Pause Full (Ergonomics) 7M->6M(11M) 23.731ms
[719.268s][info][gc] GC(52) Pause Young (Allocation Failure) 9M->6M(11M) 0.268ms
[719.273s][info][gc] GC(53) Pause Young (Allocation Failure) 9M->6M(11M) 0.169ms
[719.277s][info][gc] GC(54) Pause Young (Allocation Failure) 9M->6M(11M) 0.204ms
[719.281s][info][gc] GC(55) Pause Young (Allocation Failure) 9M->6M(10M) 0.188ms
[723.622s][info][gc] GC(56) Pause Young (Allocation Failure) 8M->6M(11M) 0.514ms
[742.786s][info][gc] GC(57) Pause Young (Allocation Failure) 8M->6M(11M) 0.536ms
[761.945s][info][gc] GC(58) Pause Young (Allocation Failure) 8M->6M(11M) 0.452ms
[781.429s][info][gc] GC(59) Pause Young (Allocation Failure) 8M->6M(11M) 0.413ms
[800.697s][info][gc] GC(60) Pause Young (Allocation Failure) 8M->6M(11M) 0.350ms
[819.981s][info][gc] GC(61) Pause Young (Allocation Failure) 8M->6M(11M) 0.328ms
[845.293s][info][gc] GC(62) Pause Young (Allocation Failure) 8M->6M(11M) 0.322ms
[870.655s][info][gc] GC(63) Pause Young (Allocation Failure) 8M->6M(11M) 0.336ms
[896.155s][info][gc] GC(64) Pause Young (Allocation Failure) 8M->6M(11M) 0.308ms
[920.421s][info][gc] GC(65) Pause Young (Allocation Failure) 8M->6M(11M) 0.384ms
[944.780s][info][gc] GC(66) Pause Young (Allocation Failure) 8M->6M(11M) 0.344ms
[969.859s][info][gc] GC(67) Pause Young (Allocation Failure) 9M->6M(11M) 0.331ms
[994.546s][info][gc] GC(68) Pause Young (Allocation Failure) 9M->6M(11M) 0.319ms
[1019.875s][info][gc] GC(69) Pause Young (Allocation Failure) 9M->6M(11M) 0.343ms
[1045.252s][info][gc] GC(70) Pause Young (Allocation Failure) 9M->6M(11M) 0.326ms
[1070.784s][info][gc] GC(71) Pause Young (Allocation Failure) 9M->6M(11M) 0.300ms
[1097.033s][info][gc] GC(72) Pause Young (Allocation Failure) 9M->6M(11M) 0.343ms
[1120.363s][info][gc] GC(73) Pause Young (Allocation Failure) 9M->6M(11M) 0.346ms
[1145.416s][info][gc] GC(74) Pause Young (Allocation Failure) 9M->6M(11M) 0.339ms
[1170.056s][info][gc] GC(75) Pause Young (Allocation Failure) 9M->6M(11M) 0.375ms
[1194.932s][info][gc] GC(76) Pause Young (Allocation Failure) 9M->6M(11M) 0.304ms
[1220.775s][info][gc] GC(77) Pause Young (Allocation Failure) 9M->6M(11M) 0.321ms
[1246.152s][info][gc] GC(78) Pause Young (Allocation Failure) 9M->6M(11M) 0.414ms
[1261.347s][info][gc] GC(79) Pause Young (Allocation Failure) 9M->6M(11M) 0.336ms
[1286.678s][info][gc] GC(80) Pause Young (Allocation Failure) 9M->6M(11M) 0.385ms
[1311.052s][info][gc] GC(81) Pause Young (Allocation Failure) 9M->6M(11M) 0.352ms
[1335.395s][info][gc] GC(82) Pause Young (Allocation Failure) 9M->6M(11M) 0.338ms
[1359.770s][info][gc] GC(83) Pause Young (Allocation Failure) 9M->6M(11M) 0.347ms
[1385.144s][info][gc] GC(84) Pause Young (Allocation Failure) 9M->6M(11M) 0.376ms
[1409.614s][info][gc] GC(85) Pause Young (Allocation Failure) 9M->6M(11M) 0.358ms
[1435.879s][info][gc] GC(86) Pause Young (Allocation Failure) 9M->6M(11M) 0.387ms
[1459.225s][info][gc] GC(87) Pause Young (Allocation Failure) 9M->6M(11M) 0.363ms
[1479.127s][info][gc] GC(88) Pause Young (Allocation Failure) 8M->6M(11M) 0.384ms
[1494.351s][info][gc] GC(89) Pause Young (Allocation Failure) 9M->7M(11M) 1.073ms
[1494.369s][info][gc] GC(90) Pause Full (Ergonomics) 7M->5M(11M) 17.214ms
[1511.991s][info][gc] GC(91) Pause Young (Allocation Failure) 8M->6M(11M) 0.546ms
[1537.366s][info][gc] GC(92) Pause Young (Allocation Failure) 8M->5M(11M) 0.447ms
[1562.725s][info][gc] GC(93) Pause Young (Allocation Failure) 8M->5M(11M) 0.465ms
[1588.120s][info][gc] GC(94) Pause Young (Allocation Failure) 8M->5M(11M) 0.482ms
[1611.445s][info][gc] GC(95) Pause Young (Allocation Failure) 8M->5M(11M) 1.029ms
[1635.820s][info][gc] GC(96) Pause Young (Allocation Failure) 8M->5M(11M) 0.497ms
[1661.196s][info][gc] GC(97) Pause Young (Allocation Failure) 8M->5M(11M) 0.529ms
[1686.492s][info][gc] GC(98) Pause Young (Allocation Failure) 8M->5M(11M) 0.966ms
[1707.896s][info][gc] GC(99) Pause Young (Allocation Failure) 8M->5M(11M) 0.453ms
[1709.095s][info][gc] GC(100) Pause Young (Allocation Failure) 8M->5M(11M) 0.500ms
[1710.390s][info][gc] GC(101) Pause Young (Allocation Failure) 8M->5M(11M) 0.424ms
[1711.594s][info][gc] GC(102) Pause Young (Allocation Failure) 8M->5M(11M) 0.456ms
[1712.797s][info][gc] GC(103) Pause Young (Allocation Failure) 8M->5M(11M) 0.439ms
[1713.985s][info][gc] GC(104) Pause Young (Allocation Failure) 8M->5M(11M) 0.450ms
[1715.188s][info][gc] GC(105) Pause Young (Allocation Failure) 8M->5M(11M) 0.448ms
[1716.391s][info][gc] GC(106) Pause Young (Allocation Failure) 8M->5M(11M) 0.490ms
[1717.688s][info][gc] GC(107) Pause Young (Allocation Failure) 8M->5M(11M) 0.349ms
[1718.891s][info][gc] GC(108) Pause Young (Allocation Failure) 8M->6M(11M) 0.494ms
[1720.094s][info][gc] GC(109) Pause Young (Allocation Failure) 8M->6M(11M) 0.374ms
[1721.391s][info][gc] GC(110) Pause Young (Allocation Failure) 8M->5M(11M) 0.324ms
[1722.594s][info][gc] GC(111) Pause Young (Allocation Failure) 8M->6M(11M) 0.355ms
[1723.891s][info][gc] GC(112) Pause Young (Allocation Failure) 8M->5M(11M) 0.333ms
[1725.094s][info][gc] GC(113) Pause Young (Allocation Failure) 8M->6M(11M) 0.376ms
[1726.390s][info][gc] GC(114) Pause Young (Allocation Failure) 8M->5M(11M) 0.288ms
[1727.594s][info][gc] GC(115) Pause Young (Allocation Failure) 8M->6M(11M) 0.345ms
[1728.891s][info][gc] GC(116) Pause Young (Allocation Failure) 8M->6M(11M) 0.311ms
[1730.094s][info][gc] GC(117) Pause Young (Allocation Failure) 8M->6M(11M) 0.324ms
[1731.298s][info][gc] GC(118) Pause Young (Allocation Failure) 8M->6M(11M) 0.332ms
[1732.594s][info][gc] GC(119) Pause Young (Allocation Failure) 8M->6M(11M) 0.279ms
[1733.797s][info][gc] GC(120) Pause Young (Allocation Failure) 8M->6M(11M) 0.322ms
[1734.984s][info][gc] GC(121) Pause Young (Allocation Failure) 8M->6M(11M) 0.266ms
[1736.187s][info][gc] GC(122) Pause Young (Allocation Failure) 8M->6M(11M) 0.279ms
[1737.392s][info][gc] GC(123) Pause Young (Allocation Failure) 8M->6M(11M) 0.295ms
[1738.596s][info][gc] GC(124) Pause Young (Allocation Failure) 8M->6M(11M) 0.308ms
[1739.784s][info][gc] GC(125) Pause Young (Allocation Failure) 8M->6M(11M) 0.377ms
[1741.096s][info][gc] GC(126) Pause Young (Allocation Failure) 8M->6M(11M) 0.332ms
[1742.392s][info][gc] GC(127) Pause Young (Allocation Failure) 8M->6M(11M) 0.260ms
[1743.487s][info][gc] GC(128) Pause Young (Allocation Failure) 8M->6M(11M) 0.343ms
[1744.783s][info][gc] GC(129) Pause Young (Allocation Failure) 8M->6M(11M) 0.318ms
[1746.095s][info][gc] GC(130) Pause Young (Allocation Failure) 8M->6M(11M) 0.275ms
[1747.283s][info][gc] GC(131) Pause Young (Allocation Failure) 8M->6M(11M) 0.333ms
[1748.487s][info][gc] GC(132) Pause Young (Allocation Failure) 8M->6M(11M) 0.393ms
[1749.690s][info][gc] GC(133) Pause Young (Allocation Failure) 8M->6M(11M) 0.298ms
[1750.893s][info][gc] GC(134) Pause Young (Allocation Failure) 8M->6M(11M) 0.540ms
[1752.189s][info][gc] GC(135) Pause Young (Allocation Failure) 8M->6M(11M) 0.281ms
[1753.394s][info][gc] GC(136) Pause Young (Allocation Failure) 8M->6M(11M) 0.349ms
[1754.596s][info][gc] GC(137) Pause Young (Allocation Failure) 8M->6M(11M) 0.329ms
[1755.893s][info][gc] GC(138) Pause Young (Allocation Failure) 8M->6M(11M) 0.297ms
[1757.096s][info][gc] GC(139) Pause Young (Allocation Failure) 8M->6M(11M) 0.326ms
[1758.394s][info][gc] GC(140) Pause Young (Allocation Failure) 8M->6M(11M) 0.315ms
[1759.596s][info][gc] GC(141) Pause Young (Allocation Failure) 8M->6M(11M) 0.321ms
[1760.784s][info][gc] GC(142) Pause Young (Allocation Failure) 8M->6M(11M) 0.344ms
[1762.096s][info][gc] GC(143) Pause Young (Allocation Failure) 8M->6M(11M) 0.327ms
[1763.400s][info][gc] GC(144) Pause Young (Allocation Failure) 8M->6M(11M) 7.088ms
[1764.596s][info][gc] GC(145) Pause Young (Allocation Failure) 8M->6M(11M) 0.311ms
[1765.784s][info][gc] GC(146) Pause Young (Allocation Failure) 8M->6M(11M) 0.333ms
[1767.096s][info][gc] GC(147) Pause Young (Allocation Failure) 8M->6M(11M) 0.384ms
[1768.284s][info][gc] GC(148) Pause Young (Allocation Failure) 8M->6M(11M) 0.322ms
[1769.596s][info][gc] GC(149) Pause Young (Allocation Failure) 8M->6M(11M) 0.285ms
[1770.784s][info][gc] GC(150) Pause Young (Allocation Failure) 8M->6M(11M) 0.374ms
[1771.893s][info][gc] GC(151) Pause Young (Allocation Failure) 8M->6M(11M) 0.557ms
[1773.105s][info][gc] GC(152) Pause Young (Allocation Failure) 8M->6M(11M) 0.326ms
[1774.393s][info][gc] GC(153) Pause Young (Allocation Failure) 8M->6M(11M) 0.532ms
[1775.597s][info][gc] GC(154) Pause Young (Allocation Failure) 8M->6M(11M) 0.334ms
[1776.862s][info][gc] GC(155) Pause Young (Allocation Failure) 8M->6M(11M) 0.292ms
[1778.096s][info][gc] GC(156) Pause Young (Allocation Failure) 8M->6M(11M) 0.310ms
[1779.285s][info][gc] GC(157) Pause Young (Allocation Failure) 8M->6M(11M) 0.437ms
[1780.596s][info][gc] GC(158) Pause Young (Allocation Failure) 8M->6M(11M) 0.358ms
[1781.786s][info][gc] GC(159) Pause Young (Allocation Failure) 8M->6M(11M) 0.349ms
[1782.989s][info][gc] GC(160) Pause Young (Allocation Failure) 8M->6M(11M) 0.341ms
[1784.286s][info][gc] GC(161) Pause Young (Allocation Failure) 8M->6M(11M) 0.310ms
[1785.582s][info][gc] GC(162) Pause Young (Allocation Failure) 8M->6M(11M) 0.287ms
[1786.692s][info][gc] GC(163) Pause Young (Allocation Failure) 8M->6M(11M) 0.289ms
[1787.802s][info][gc] GC(164) Pause Young (Allocation Failure) 8M->6M(11M) 0.257ms
[1789.036s][info][gc] GC(165) Pause Young (Allocation Failure) 8M->6M(11M) 0.283ms
[1790.286s][info][gc] GC(166) Pause Young (Allocation Failure) 8M->6M(11M) 0.301ms
[1791.582s][info][gc] GC(167) Pause Young (Allocation Failure) 8M->6M(11M) 0.288ms
[1792.786s][info][gc] GC(168) Pause Young (Allocation Failure) 8M->6M(11M) 0.304ms
[1793.989s][info][gc] GC(169) Pause Young (Allocation Failure) 8M->6M(11M) 0.325ms
[1795.193s][info][gc] GC(170) Pause Young (Allocation Failure) 8M->6M(11M) 0.349ms
[1796.489s][info][gc] GC(171) Pause Young (Allocation Failure) 8M->6M(11M) 0.313ms
[1797.786s][info][gc] GC(172) Pause Young (Allocation Failure) 8M->6M(11M) 0.293ms
[1798.989s][info][gc] GC(173) Pause Young (Allocation Failure) 8M->6M(11M) 0.308ms
[1800.207s][info][gc] GC(174) Pause Young (Allocation Failure) 8M->6M(11M) 0.251ms
[1801.489s][info][gc] GC(175) Pause Young (Allocation Failure) 8M->6M(11M) 0.283ms
[1802.692s][info][gc] GC(176) Pause Young (Allocation Failure) 8M->6M(11M) 0.322ms
[1803.989s][info][gc] GC(177) Pause Young (Allocation Failure) 8M->6M(11M) 0.293ms
[1805.192s][info][gc] GC(178) Pause Young (Allocation Failure) 8M->6M(11M) 0.309ms
[1806.395s][info][gc] GC(179) Pause Young (Allocation Failure) 8M->6M(11M) 0.324ms
[1807.583s][info][gc] GC(180) Pause Young (Allocation Failure) 8M->6M(11M) 0.371ms
[1808.895s][info][gc] GC(181) Pause Young (Allocation Failure) 8M->6M(11M) 0.338ms
[1810.083s][info][gc] GC(182) Pause Young (Allocation Failure) 8M->6M(11M) 0.398ms
[1811.379s][info][gc] GC(183) Pause Young (Allocation Failure) 8M->6M(11M) 0.296ms
[1812.396s][info][gc] GC(184) Pause Young (Allocation Failure) 8M->6M(11M) 0.361ms
[1813.693s][info][gc] GC(185) Pause Young (Allocation Failure) 8M->6M(11M) 0.341ms
[1814.896s][info][gc] GC(186) Pause Young (Allocation Failure) 8M->6M(11M) 0.368ms
[1816.115s][info][gc] GC(187) Pause Young (Allocation Failure) 8M->6M(11M) 0.294ms
[1817.396s][info][gc] GC(188) Pause Young (Allocation Failure) 8M->6M(11M) 0.356ms
[1818.584s][info][gc] GC(189) Pause Young (Allocation Failure) 8M->6M(11M) 0.358ms
[1819.896s][info][gc] GC(190) Pause Young (Allocation Failure) 8M->6M(11M) 0.332ms
[1821.084s][info][gc] GC(191) Pause Young (Allocation Failure) 8M->6M(11M) 0.358ms
[1822.396s][info][gc] GC(192) Pause Young (Allocation Failure) 8M->6M(11M) 0.323ms
[1823.584s][info][gc] GC(193) Pause Young (Allocation Failure) 8M->6M(11M) 0.322ms
[1824.787s][info][gc] GC(194) Pause Young (Allocation Failure) 8M->6M(11M) 0.355ms
[1826.084s][info][gc] GC(195) Pause Young (Allocation Failure) 8M->6M(11M) 0.328ms
[1827.287s][info][gc] GC(196) Pause Young (Allocation Failure) 8M->6M(11M) 0.364ms
[1828.584s][info][gc] GC(197) Pause Young (Allocation Failure) 8M->6M(11M) 0.328ms
[1829.787s][info][gc] GC(198) Pause Young (Allocation Failure) 8M->6M(11M) 0.356ms
[1831.084s][info][gc] GC(199) Pause Young (Allocation Failure) 8M->6M(11M) 0.305ms
[1832.287s][info][gc] GC(200) Pause Young (Allocation Failure) 8M->6M(11M) 0.363ms
[1833.583s][info][gc] GC(201) Pause Young (Allocation Failure) 8M->6M(11M) 0.293ms
[1834.787s][info][gc] GC(202) Pause Young (Allocation Failure) 8M->6M(11M) 0.281ms
[1835.990s][info][gc] GC(203) Pause Young (Allocation Failure) 8M->6M(11M) 0.324ms
[1837.287s][info][gc] GC(204) Pause Young (Allocation Failure) 8M->6M(11M) 0.448ms
[1838.490s][info][gc] GC(205) Pause Young (Allocation Failure) 8M->6M(11M) 0.326ms
[1839.788s][info][gc] GC(206) Pause Young (Allocation Failure) 8M->6M(11M) 0.301ms
[1840.990s][info][gc] GC(207) Pause Young (Allocation Failure) 8M->6M(11M) 0.304ms
[1842.287s][info][gc] GC(208) Pause Young (Allocation Failure) 8M->6M(11M) 0.289ms
[1843.490s][info][gc] GC(209) Pause Young (Allocation Failure) 8M->6M(11M) 0.306ms
[1844.787s][info][gc] GC(210) Pause Young (Allocation Failure) 8M->6M(11M) 0.283ms
[1845.990s][info][gc] GC(211) Pause Young (Allocation Failure) 8M->6M(11M) 0.268ms
[1846.990s][info][gc] GC(212) Pause Young (Allocation Failure) 8M->6M(11M) 0.300ms
[1848.193s][info][gc] GC(213) Pause Young (Allocation Failure) 8M->6M(11M) 0.300ms
[1849.396s][info][gc] GC(214) Pause Young (Allocation Failure) 8M->6M(11M) 0.330ms
[1850.693s][info][gc] GC(215) Pause Young (Allocation Failure) 8M->6M(11M) 0.353ms
[1851.897s][info][gc] GC(216) Pause Young (Allocation Failure) 8M->6M(11M) 0.346ms
[1853.084s][info][gc] GC(217) Pause Young (Allocation Failure) 8M->6M(11M) 0.333ms
[1854.396s][info][gc] GC(218) Pause Young (Allocation Failure) 8M->6M(11M) 0.296ms
[1855.584s][info][gc] GC(219) Pause Young (Allocation Failure) 8M->6M(11M) 0.315ms
[1856.896s][info][gc] GC(220) Pause Young (Allocation Failure) 8M->6M(11M) 0.301ms
[1858.084s][info][gc] GC(221) Pause Young (Allocation Failure) 8M->6M(11M) 0.347ms
[1859.396s][info][gc] GC(222) Pause Young (Allocation Failure) 8M->6M(11M) 0.290ms
[1860.584s][info][gc] GC(223) Pause Young (Allocation Failure) 8M->6M(11M) 0.320ms
[1861.896s][info][gc] GC(224) Pause Young (Allocation Failure) 8M->6M(11M) 0.290ms
[1863.084s][info][gc] GC(225) Pause Young (Allocation Failure) 8M->6M(11M) 0.326ms
[1864.287s][info][gc] GC(226) Pause Young (Allocation Failure) 8M->6M(11M) 0.323ms
[1865.584s][info][gc] GC(227) Pause Young (Allocation Failure) 8M->6M(11M) 0.360ms
[1866.788s][info][gc] GC(228) Pause Young (Allocation Failure) 8M->6M(11M) 0.398ms
[1868.084s][info][gc] GC(229) Pause Young (Allocation Failure) 8M->6M(11M) 0.292ms
[1869.209s][info][gc] GC(230) Pause Young (Allocation Failure) 8M->6M(11M) 0.274ms
[1870.490s][info][gc] GC(231) Pause Young (Allocation Failure) 8M->6M(11M) 0.301ms
[1871.695s][info][gc] GC(232) Pause Young (Allocation Failure) 8M->6M(11M) 0.312ms
[1872.991s][info][gc] GC(233) Pause Young (Allocation Failure) 8M->6M(11M) 0.270ms
[1874.196s][info][gc] GC(234) Pause Young (Allocation Failure) 8M->6M(11M) 0.322ms
[1875.383s][info][gc] GC(235) Pause Young (Allocation Failure) 8M->6M(11M) 0.320ms
[1876.695s][info][gc] GC(236) Pause Young (Allocation Failure) 8M->6M(11M) 0.297ms
[1877.883s][info][gc] GC(237) Pause Young (Allocation Failure) 8M->6M(11M) 0.527ms
[1879.087s][info][gc] GC(238) Pause Young (Allocation Failure) 8M->6M(11M) 0.330ms
[1880.383s][info][gc] GC(239) Pause Young (Allocation Failure) 8M->6M(11M) 0.522ms
[1881.586s][info][gc] GC(240) Pause Young (Allocation Failure) 8M->6M(11M) 0.524ms
[1882.805s][info][gc] GC(241) Pause Young (Allocation Failure) 8M->6M(11M) 0.252ms
[1884.086s][info][gc] GC(242) Pause Young (Allocation Failure) 8M->6M(11M) 0.307ms
[1885.382s][info][gc] GC(243) Pause Young (Allocation Failure) 8M->6M(11M) 0.232ms
[1886.586s][info][gc] GC(244) Pause Young (Allocation Failure) 8M->6M(11M) 0.507ms
[1887.789s][info][gc] GC(245) Pause Young (Allocation Failure) 8M->6M(11M) 0.546ms
[1889.086s][info][gc] GC(246) Pause Young (Allocation Failure) 8M->6M(11M) 0.578ms
[1890.289s][info][gc] GC(247) Pause Young (Allocation Failure) 8M->6M(11M) 0.693ms
[1891.492s][info][gc] GC(248) Pause Young (Allocation Failure) 8M->6M(11M) 0.330ms
[1892.695s][info][gc] GC(249) Pause Young (Allocation Failure) 8M->6M(11M) 0.332ms
[1893.993s][info][gc] GC(250) Pause Young (Allocation Failure) 8M->6M(11M) 0.280ms
[1895.196s][info][gc] GC(251) Pause Young (Allocation Failure) 8M->6M(11M) 0.420ms
[1896.492s][info][gc] GC(252) Pause Young (Allocation Failure) 8M->6M(11M) 0.292ms
[1897.696s][info][gc] GC(253) Pause Young (Allocation Failure) 8M->6M(11M) 0.367ms
[1898.884s][info][gc] GC(254) Pause Young (Allocation Failure) 8M->6M(11M) 0.416ms
[1900.195s][info][gc] GC(255) Pause Young (Allocation Failure) 8M->6M(11M) 0.282ms
[1901.384s][info][gc] GC(256) Pause Young (Allocation Failure) 8M->6M(11M) 0.382ms
[1902.694s][info][gc] GC(257) Pause Young (Allocation Failure) 8M->6M(11M) 0.262ms
[1903.883s][info][gc] GC(258) Pause Young (Allocation Failure) 8M->6M(11M) 0.306ms
[1905.087s][info][gc] GC(259) Pause Young (Allocation Failure) 8M->6M(11M) 0.361ms
[1906.383s][info][gc] GC(260) Pause Young (Allocation Failure) 8M->6M(11M) 0.512ms
[1907.695s][info][gc] GC(261) Pause Young (Allocation Failure) 8M->6M(11M) 0.303ms
[1908.883s][info][gc] GC(262) Pause Young (Allocation Failure) 8M->6M(11M) 0.590ms
[1910.086s][info][gc] GC(263) Pause Young (Allocation Failure) 8M->6M(11M) 0.314ms
[1911.383s][info][gc] GC(264) Pause Young (Allocation Failure) 8M->6M(11M) 0.285ms
[1912.586s][info][gc] GC(265) Pause Young (Allocation Failure) 8M->6M(11M) 0.325ms
[1913.882s][info][gc] GC(266) Pause Young (Allocation Failure) 8M->6M(11M) 0.248ms
[1915.087s][info][gc] GC(267) Pause Young (Allocation Failure) 8M->6M(11M) 0.295ms
[1916.382s][info][gc] GC(268) Pause Young (Allocation Failure) 8M->6M(11M) 0.502ms
[1917.586s][info][gc] GC(269) Pause Young (Allocation Failure) 8M->6M(11M) 0.522ms
[1918.789s][info][gc] GC(270) Pause Young (Allocation Failure) 8M->6M(11M) 0.271ms
[1919.992s][info][gc] GC(271) Pause Young (Allocation Failure) 8M->6M(11M) 0.281ms
[1921.195s][info][gc] GC(272) Pause Young (Allocation Failure) 8M->6M(11M) 0.332ms
[1922.493s][info][gc] GC(273) Pause Young (Allocation Failure) 8M->6M(11M) 0.275ms
[1923.696s][info][gc] GC(274) Pause Young (Allocation Failure) 8M->6M(11M) 0.338ms
[1924.992s][info][gc] GC(275) Pause Young (Allocation Failure) 8M->6M(11M) 0.278ms
[1926.196s][info][gc] GC(276) Pause Young (Allocation Failure) 8M->6M(11M) 0.333ms
[1927.384s][info][gc] GC(277) Pause Young (Allocation Failure) 8M->6M(11M) 0.316ms
[1928.695s][info][gc] GC(278) Pause Young (Allocation Failure) 8M->6M(11M) 0.295ms
[1929.883s][info][gc] GC(279) Pause Young (Allocation Failure) 8M->6M(11M) 0.289ms
[1931.087s][info][gc] GC(280) Pause Young (Allocation Failure) 8M->6M(11M) 0.358ms
[1932.289s][info][gc] GC(281) Pause Young (Allocation Failure) 8M->6M(11M) 0.325ms
[1933.586s][info][gc] GC(282) Pause Young (Allocation Failure) 8M->6M(11M) 0.286ms
[1934.790s][info][gc] GC(283) Pause Young (Allocation Failure) 8M->6M(11M) 0.327ms
[1936.086s][info][gc] GC(284) Pause Young (Allocation Failure) 8M->6M(11M) 0.278ms
[1937.289s][info][gc] GC(285) Pause Young (Allocation Failure) 8M->6M(11M) 0.274ms
[1938.493s][info][gc] GC(286) Pause Young (Allocation Failure) 8M->6M(11M) 0.293ms
[1939.696s][info][gc] GC(287) Pause Young (Allocation Failure) 8M->6M(11M) 0.362ms
[1940.884s][info][gc] GC(288) Pause Young (Allocation Failure) 8M->6M(11M) 0.354ms
[1942.196s][info][gc] GC(289) Pause Young (Allocation Failure) 8M->6M(11M) 0.309ms
[1943.383s][info][gc] GC(290) Pause Young (Allocation Failure) 8M->6M(11M) 0.316ms
[1944.587s][info][gc] GC(291) Pause Young (Allocation Failure) 8M->6M(11M) 0.345ms
[1945.883s][info][gc] GC(292) Pause Young (Allocation Failure) 8M->6M(11M) 0.307ms
[1947.195s][info][gc] GC(293) Pause Young (Allocation Failure) 8M->6M(11M) 0.505ms
[1948.383s][info][gc] GC(294) Pause Young (Allocation Failure) 8M->6M(11M) 0.280ms
[1949.587s][info][gc] GC(295) Pause Young (Allocation Failure) 8M->6M(11M) 0.320ms
[1950.883s][info][gc] GC(296) Pause Young (Allocation Failure) 8M->6M(11M) 0.280ms
[1952.086s][info][gc] GC(297) Pause Young (Allocation Failure) 8M->6M(11M) 0.321ms
[1953.383s][info][gc] GC(298) Pause Young (Allocation Failure) 8M->6M(11M) 0.282ms
[1954.586s][info][gc] GC(299) Pause Young (Allocation Failure) 8M->6M(11M) 0.288ms
[1955.789s][info][gc] GC(300) Pause Young (Allocation Failure) 8M->6M(11M) 0.324ms
[1957.086s][info][gc] GC(301) Pause Young (Allocation Failure) 8M->6M(11M) 0.304ms
[1958.289s][info][gc] GC(302) Pause Young (Allocation Failure) 8M->6M(11M) 0.293ms
[1959.493s][info][gc] GC(303) Pause Young (Allocation Failure) 8M->6M(11M) 0.319ms
[1960.696s][info][gc] GC(304) Pause Young (Allocation Failure) 8M->6M(11M) 0.334ms
[1961.992s][info][gc] GC(305) Pause Young (Allocation Failure) 8M->6M(11M) 0.274ms
[1963.195s][info][gc] GC(306) Pause Young (Allocation Failure) 8M->6M(11M) 0.319ms
[1964.492s][info][gc] GC(307) Pause Young (Allocation Failure) 8M->6M(11M) 0.296ms
[1965.696s][info][gc] GC(308) Pause Young (Allocation Failure) 8M->6M(11M) 0.309ms
[1966.883s][info][gc] GC(309) Pause Young (Allocation Failure) 8M->6M(11M) 0.327ms
[1968.196s][info][gc] GC(310) Pause Young (Allocation Failure) 8M->6M(11M) 0.286ms
[1969.384s][info][gc] GC(311) Pause Young (Allocation Failure) 8M->6M(11M) 0.342ms
[1970.695s][info][gc] GC(312) Pause Young (Allocation Failure) 8M->6M(11M) 0.332ms
[1971.697s][info][gc] GC(313) Pause Young (Allocation Failure) 8M->6M(11M) 0.661ms
[1972.993s][info][gc] GC(314) Pause Young (Allocation Failure) 8M->6M(11M) 0.314ms
[1974.196s][info][gc] GC(315) Pause Young (Allocation Failure) 8M->6M(11M) 0.549ms
[1975.493s][info][gc] GC(316) Pause Young (Allocation Failure) 8M->6M(11M) 0.850ms
[1976.696s][info][gc] GC(317) Pause Young (Allocation Failure) 8M->6M(11M) 0.324ms
[1977.884s][info][gc] GC(318) Pause Young (Allocation Failure) 8M->6M(11M) 0.319ms
[1979.196s][info][gc] GC(319) Pause Young (Allocation Failure) 8M->6M(11M) 0.277ms
[1980.384s][info][gc] GC(320) Pause Young (Allocation Failure) 8M->6M(11M) 0.321ms
[1981.587s][info][gc] GC(321) Pause Young (Allocation Failure) 8M->6M(11M) 0.324ms
[1982.812s][info][gc] GC(322) Pause Young (Allocation Failure) 8M->6M(11M) 0.253ms
[1984.094s][info][gc] GC(323) Pause Young (Allocation Failure) 8M->6M(11M) 0.366ms
[1985.297s][info][gc] GC(324) Pause Young (Allocation Failure) 8M->6M(11M) 0.315ms
[1986.595s][info][gc] GC(325) Pause Young (Allocation Failure) 8M->6M(11M) 0.264ms
