[0.011s][info][gc] Using The Z Garbage Collector
[0.162s][info][gc] GC(0) Garbage Collection (Warmup) 4M(20%)->6M(30%)
[0.251s][info][gc] GC(1) Garbage Collection (Warmup) 6M(30%)->4M(20%)
[1.055s][info][gc] GC(2) Garbage Collection (Warmup) 6M(30%)->6M(30%)
[13.768s][info][gc] GC(3) Garbage Collection (Proactive) 10M(50%)->6M(30%)
[13.977s][info][gc] GC(4) Garbage Collection (Allocation Rate) 16M(80%)->8M(40%)
[14.065s][info][gc] GC(5) Garbage Collection (Allocation Rate) 8M(40%)->8M(40%)
[14.174s][info][gc] GC(6) Garbage Collection (Allocation Rate) 10M(50%)->8M(40%)
[14.267s][info][gc] GC(7) Garbage Collection (Allocation Rate) 10M(50%)->8M(40%)
[14.375s][info][gc] GC(8) Garbage Collection (Allocation Rate) 8M(40%)->10M(50%)
[14.463s][info][gc] GC(9) Garbage Collection (Allocation Rate) 10M(50%)->10M(50%)
[14.571s][info][gc] GC(10) Garbage Collection (Allocation Rate) 10M(50%)->10M(50%)
[14.663s][info][gc] GC(11) Garbage Collection (Allocation Rate) 10M(50%)->8M(40%)
[14.757s][info][gc] GC(12) Garbage Collection (Allocation Rate) 10M(50%)->8M(40%)
[15.368s][info][gc] GC(13) Garbage Collection (Allocation Rate) 10M(50%)->10M(50%)
[15.461s][info][gc] GC(14) Garbage Collection (Allocation Rate) 10M(50%)->10M(50%)
[15.571s][info][gc] GC(15) Garbage Collection (Allocation Rate) 10M(50%)->10M(50%)
[24.470s][info][gc] GC(16) Garbage Collection (Proactive) 12M(60%)->10M(50%)
[34.676s][info][gc] GC(17) Garbage Collection (Proactive) 12M(60%)->6M(30%)
[37.076s][info][gc] GC(18) Garbage Collection (Proactive) 8M(40%)->8M(40%)
[38.962s][info][gc] GC(19) Garbage Collection (Proactive) 10M(50%)->8M(40%)
[40.571s][info][gc] GC(20) Garbage Collection (Proactive) 10M(50%)->10M(50%)
[52.865s][info][gc] GC(21) Garbage Collection (Proactive) 12M(60%)->8M(40%)
[53.958s][info][gc] GC(22) Garbage Collection (Proactive) 10M(50%)->8M(40%)
[54.959s][info][gc] GC(23) Garbage Collection (Proactive) 10M(50%)->8M(40%)
[55.959s][info][gc] GC(24) Garbage Collection (Proactive) 10M(50%)->8M(40%)
[56.864s][info][gc] GC(25) Garbage Collection (Proactive) 10M(50%)->8M(40%)
[57.770s][info][gc] GC(26) Garbage Collection (Proactive) 10M(50%)->8M(40%)
[58.661s][info][gc] GC(27) Garbage Collection (Proactive) 10M(50%)->8M(40%)
[59.568s][info][gc] GC(28) Garbage Collection (Proactive) 10M(50%)->8M(40%)
[60.569s][info][gc] GC(29) Garbage Collection (Proactive) 10M(50%)->8M(40%)
[61.568s][info][gc] GC(30) Garbage Collection (Proactive) 10M(50%)->8M(40%)
[62.569s][info][gc] GC(31) Garbage Collection (Proactive) 10M(50%)->8M(40%)
[63.569s][info][gc] GC(32) Garbage Collection (Proactive) 10M(50%)->8M(40%)
[64.568s][info][gc] GC(33) Garbage Collection (Proactive) 10M(50%)->8M(40%)
[65.568s][info][gc] GC(34) Garbage Collection (Proactive) 10M(50%)->8M(40%)
[66.466s][info][gc] GC(35) Garbage Collection (Proactive) 10M(50%)->8M(40%)
[67.365s][info][gc] GC(36) Garbage Collection (Proactive) 10M(50%)->8M(40%)
[68.271s][info][gc] GC(37) Garbage Collection (Proactive) 10M(50%)->8M(40%)
[69.162s][info][gc] GC(38) Garbage Collection (Proactive) 10M(50%)->8M(40%)
[70.069s][info][gc] GC(39) Garbage Collection (Proactive) 10M(50%)->10M(50%)
[82.267s][info][gc] GC(40) Garbage Collection (Proactive) 12M(60%)->8M(40%)
[83.178s][info][gc] GC(41) Garbage Collection (Proactive) 10M(50%)->6M(30%)
[84.566s][info][gc] GC(42) Garbage Collection (Proactive) 8M(40%)->8M(40%)
[85.861s][info][gc] GC(43) Garbage Collection (Proactive) 10M(50%)->8M(40%)
[87.063s][info][gc] GC(44) Garbage Collection (Proactive) 10M(50%)->8M(40%)
[88.173s][info][gc] GC(45) Garbage Collection (Proactive) 10M(50%)->8M(40%)
[89.174s][info][gc] GC(46) Garbage Collection (Proactive) 10M(50%)->8M(40%)
[90.174s][info][gc] GC(47) Garbage Collection (Proactive) 10M(50%)->8M(40%)
[91.173s][info][gc] GC(48) Garbage Collection (Proactive) 10M(50%)->8M(40%)
[92.173s][info][gc] GC(49) Garbage Collection (Proactive) 10M(50%)->8M(40%)
[93.174s][info][gc] GC(50) Garbage Collection (Proactive) 10M(50%)->8M(40%)
[94.180s][info][gc] GC(51) Garbage Collection (Proactive) 10M(50%)->8M(40%)
[95.864s][info][gc] GC(52) Garbage Collection (Proactive) 10M(50%)->8M(40%)
[97.261s][info][gc] GC(53) Garbage Collection (Proactive) 10M(50%)->8M(40%)
[98.574s][info][gc] GC(54) Garbage Collection (Proactive) 10M(50%)->8M(40%)
[99.667s][info][gc] GC(55) Garbage Collection (Proactive) 10M(50%)->8M(40%)
[100.666s][info][gc] GC(56) Garbage Collection (Proactive) 10M(50%)->8M(40%)
[101.666s][info][gc] GC(57) Garbage Collection (Proactive) 10M(50%)->8M(40%)
[102.573s][info][gc] GC(58) Garbage Collection (Proactive) 10M(50%)->8M(40%)
[103.463s][info][gc] GC(59) Garbage Collection (Proactive) 10M(50%)->8M(40%)
[104.370s][info][gc] GC(60) Garbage Collection (Proactive) 10M(50%)->8M(40%)
[105.264s][info][gc] GC(61) Garbage Collection (Proactive) 10M(50%)->8M(40%)
[106.573s][info][gc] GC(62) Garbage Collection (Proactive) 10M(50%)->10M(50%)
[120.863s][info][gc] GC(63) Garbage Collection (Proactive) 12M(60%)->8M(40%)
[121.972s][info][gc] GC(64) Garbage Collection (Proactive) 10M(50%)->8M(40%)
[122.972s][info][gc] GC(65) Garbage Collection (Proactive) 10M(50%)->8M(40%)
[123.973s][info][gc] GC(66) Garbage Collection (Proactive) 10M(50%)->8M(40%)
[124.972s][info][gc] GC(67) Garbage Collection (Proactive) 10M(50%)->8M(40%)
[125.972s][info][gc] GC(68) Garbage Collection (Proactive) 10M(50%)->8M(40%)
[126.868s][info][gc] GC(69) Garbage Collection (Proactive) 10M(50%)->10M(50%)
[141.167s][info][gc] GC(70) Garbage Collection (Proactive) 12M(60%)->8M(40%)
[142.259s][info][gc] GC(71) Garbage Collection (Proactive) 10M(50%)->8M(40%)
[143.259s][info][gc] GC(72) Garbage Collection (Proactive) 10M(50%)->8M(40%)
[144.166s][info][gc] GC(73) Garbage Collection (Proactive) 10M(50%)->8M(40%)
[145.166s][info][gc] GC(74) Garbage Collection (Proactive) 10M(50%)->8M(40%)
[146.072s][info][gc] GC(75) Garbage Collection (Proactive) 10M(50%)->8M(40%)
[146.963s][info][gc] GC(76) Garbage Collection (Proactive) 10M(50%)->8M(40%)
[147.869s][info][gc] GC(77) Garbage Collection (Proactive) 10M(50%)->8M(40%)
[148.871s][info][gc] GC(78) Garbage Collection (Proactive) 10M(50%)->8M(40%)
[149.963s][info][gc] GC(79) Garbage Collection (Proactive) 10M(50%)->8M(40%)
[150.963s][info][gc] GC(80) Garbage Collection (Proactive) 10M(50%)->8M(40%)
[151.963s][info][gc] GC(81) Garbage Collection (Proactive) 10M(50%)->8M(40%)
[152.963s][info][gc] GC(82) Garbage Collection (Proactive) 10M(50%)->8M(40%)
[153.868s][info][gc] GC(83) Garbage Collection (Proactive) 10M(50%)->8M(40%)
[154.760s][info][gc] GC(84) Garbage Collection (Proactive) 10M(50%)->8M(40%)
[155.666s][info][gc] GC(85) Garbage Collection (Proactive) 10M(50%)->8M(40%)
[156.671s][info][gc] GC(86) Garbage Collection (Proactive) 10M(50%)->8M(40%)
[157.671s][info][gc] GC(87) Garbage Collection (Proactive) 10M(50%)->8M(40%)
[158.672s][info][gc] GC(88) Garbage Collection (Proactive) 10M(50%)->8M(40%)
[159.670s][info][gc] GC(89) Garbage Collection (Proactive) 10M(50%)->8M(40%)
[160.675s][info][gc] GC(90) Garbage Collection (Proactive) 10M(50%)->8M(40%)
[162.069s][info][gc] GC(91) Garbage Collection (Proactive) 10M(50%)->8M(40%)
[163.261s][info][gc] GC(92) Garbage Collection (Proactive) 10M(50%)->8M(40%)
[164.359s][info][gc] GC(93) Garbage Collection (Proactive) 10M(50%)->10M(50%)
[166.871s][info][gc] GC(94) Garbage Collection (Proactive) 12M(60%)->10M(50%)
[167.865s][info][gc] GC(95) Garbage Collection (Proactive) 12M(60%)->10M(50%)
[168.864s][info][gc] GC(96) Garbage Collection (Proactive) 12M(60%)->10M(50%)
[169.771s][info][gc] GC(97) Garbage Collection (Proactive) 12M(60%)->10M(50%)
[170.772s][info][gc] GC(98) Garbage Collection (Proactive) 12M(60%)->10M(50%)
[171.771s][info][gc] GC(99) Garbage Collection (Proactive) 12M(60%)->10M(50%)
[172.771s][info][gc] GC(100) Garbage Collection (Proactive) 12M(60%)->10M(50%)
[173.777s][info][gc] GC(101) Garbage Collection (Proactive) 12M(60%)->10M(50%)
[175.370s][info][gc] GC(102) Garbage Collection (Proactive) 12M(60%)->10M(50%)
[176.784s][info][gc] GC(103) Garbage Collection (Proactive) 12M(60%)->10M(50%)
[180.371s][info][gc] GC(104) Garbage Collection (Proactive) 12M(60%)->10M(50%)
[183.369s][info][gc] GC(105) Garbage Collection (Proactive) 12M(60%)->10M(50%)
[185.463s][info][gc] GC(106) Garbage Collection (Proactive) 12M(60%)->10M(50%)
[186.962s][info][gc] GC(107) Garbage Collection (Proactive) 12M(60%)->10M(50%)
[188.166s][info][gc] GC(108) Garbage Collection (Proactive) 12M(60%)->10M(50%)
[189.260s][info][gc] GC(109) Garbage Collection (Proactive) 12M(60%)->10M(50%)
[190.260s][info][gc] GC(110) Garbage Collection (Proactive) 12M(60%)->10M(50%)
[191.261s][info][gc] GC(111) Garbage Collection (Proactive) 12M(60%)->10M(50%)
[192.260s][info][gc] GC(112) Garbage Collection (Proactive) 12M(60%)->10M(50%)
[193.167s][info][gc] GC(113) Garbage Collection (Proactive) 12M(60%)->10M(50%)
[194.071s][info][gc] GC(114) Garbage Collection (Proactive) 12M(60%)->10M(50%)
[195.072s][info][gc] GC(115) Garbage Collection (Proactive) 12M(60%)->10M(50%)
[196.074s][info][gc] GC(116) Garbage Collection (Proactive) 12M(60%)->10M(50%)
[197.074s][info][gc] GC(117) Garbage Collection (Proactive) 12M(60%)->10M(50%)
[198.073s][info][gc] GC(118) Garbage Collection (Proactive) 12M(60%)->10M(50%)
[199.082s][info][gc] GC(119) Garbage Collection (Proactive) 12M(60%)->10M(50%)
[201.166s][info][gc] GC(120) Garbage Collection (Proactive) 12M(60%)->10M(50%)
[202.869s][info][gc] GC(121) Garbage Collection (Proactive) 12M(60%)->12M(60%)
[215.073s][info][gc] GC(122) Garbage Collection (Proactive) 14M(70%)->10M(50%)
[216.261s][info][gc] GC(123) Garbage Collection (Proactive) 12M(60%)->10M(50%)
[217.369s][info][gc] GC(124) Garbage Collection (Proactive) 12M(60%)->10M(50%)
[218.379s][info][gc] GC(125) Garbage Collection (Proactive) 12M(60%)->10M(50%)
[220.392s][info][gc] GC(126) Garbage Collection (Proactive) 12M(60%)->10M(50%)
[223.370s][info][gc] GC(127) Garbage Collection (Proactive) 12M(60%)->10M(50%)
[226.074s][info][gc] GC(128) Garbage Collection (Proactive) 12M(60%)->10M(50%)
[227.967s][info][gc] GC(129) Garbage Collection (Proactive) 12M(60%)->10M(50%)
[229.466s][info][gc] GC(130) Garbage Collection (Proactive) 12M(60%)->10M(50%)
[230.671s][info][gc] GC(131) Garbage Collection (Proactive) 12M(60%)->10M(50%)
[231.873s][info][gc] GC(132) Garbage Collection (Proactive) 12M(60%)->10M(50%)
[232.966s][info][gc] GC(133) Garbage Collection (Proactive) 12M(60%)->10M(50%)
[233.967s][info][gc] GC(134) Garbage Collection (Proactive) 12M(60%)->10M(50%)
[234.963s][info][gc] GC(135) Garbage Collection (Proactive) 12M(60%)->10M(50%)
[235.963s][info][gc] GC(136) Garbage Collection (Proactive) 12M(60%)->10M(50%)
[236.869s][info][gc] GC(137) Garbage Collection (Proactive) 12M(60%)->10M(50%)
[237.759s][info][gc] GC(138) Garbage Collection (Proactive) 12M(60%)->10M(50%)
[238.665s][info][gc] GC(139) Garbage Collection (Proactive) 12M(60%)->10M(50%)
[239.558s][info][gc] GC(140) Garbage Collection (Proactive) 12M(60%)->10M(50%)
[240.465s][info][gc] GC(141) Garbage Collection (Proactive) 12M(60%)->10M(50%)
[241.371s][info][gc] GC(142) Garbage Collection (Proactive) 12M(60%)->10M(50%)
[242.370s][info][gc] GC(143) Garbage Collection (Proactive) 12M(60%)->10M(50%)
[243.370s][info][gc] GC(144) Garbage Collection (Proactive) 12M(60%)->10M(50%)
[244.262s][info][gc] GC(145) Garbage Collection (Proactive) 12M(60%)->10M(50%)
[245.167s][info][gc] GC(146) Garbage Collection (Proactive) 12M(60%)->10M(50%)
[246.059s][info][gc] GC(147) Garbage Collection (Proactive) 12M(60%)->10M(50%)
[246.964s][info][gc] GC(148) Garbage Collection (Proactive) 12M(60%)->10M(50%)
[247.870s][info][gc] GC(149) Garbage Collection (Proactive) 12M(60%)->10M(50%)
[248.798s][info][gc] GC(150) Garbage Collection (Proactive) 12M(60%)->10M(50%)
[253.668s][info][gc] GC(151) Garbage Collection (Proactive) 12M(60%)->10M(50%)
[257.370s][info][gc] GC(152) Garbage Collection (Proactive) 12M(60%)->10M(50%)
[259.870s][info][gc] GC(153) Garbage Collection (Proactive) 12M(60%)->10M(50%)
[261.559s][info][gc] GC(154) Garbage Collection (Proactive) 12M(60%)->10M(50%)
[262.965s][info][gc] GC(155) Garbage Collection (Proactive) 12M(60%)->10M(50%)
[264.172s][info][gc] GC(156) Garbage Collection (Proactive) 12M(60%)->10M(50%)
[265.266s][info][gc] GC(157) Garbage Collection (Proactive) 12M(60%)->10M(50%)
[266.371s][info][gc] GC(158) Garbage Collection (Proactive) 12M(60%)->12M(60%)
[272.973s][info][gc] GC(159) Garbage Collection (Proactive) 14M(70%)->10M(50%)
[274.270s][info][gc] GC(160) Garbage Collection (Proactive) 12M(60%)->10M(50%)
[275.369s][info][gc] GC(161) Garbage Collection (Proactive) 12M(60%)->10M(50%)
[276.463s][info][gc] GC(162) Garbage Collection (Proactive) 12M(60%)->10M(50%)
[277.464s][info][gc] GC(163) Garbage Collection (Proactive) 12M(60%)->10M(50%)
[278.463s][info][gc] GC(164) Garbage Collection (Proactive) 12M(60%)->10M(50%)
[279.370s][info][gc] GC(165) Garbage Collection (Proactive) 12M(60%)->10M(50%)
[280.360s][info][gc] GC(166) Garbage Collection (Proactive) 12M(60%)->10M(50%)
[281.359s][info][gc] GC(167) Garbage Collection (Proactive) 12M(60%)->10M(50%)
[282.359s][info][gc] GC(168) Garbage Collection (Proactive) 12M(60%)->10M(50%)
[283.265s][info][gc] GC(169) Garbage Collection (Proactive) 12M(60%)->10M(50%)
[284.172s][info][gc] GC(170) Garbage Collection (Proactive) 12M(60%)->10M(50%)
[285.171s][info][gc] GC(171) Garbage Collection (Proactive) 12M(60%)->10M(50%)
[286.172s][info][gc] GC(172) Garbage Collection (Proactive) 12M(60%)->10M(50%)
[287.172s][info][gc] GC(173) Garbage Collection (Proactive) 12M(60%)->10M(50%)
[288.172s][info][gc] GC(174) Garbage Collection (Proactive) 12M(60%)->10M(50%)
[289.172s][info][gc] GC(175) Garbage Collection (Proactive) 12M(60%)->10M(50%)
[290.172s][info][gc] GC(176) Garbage Collection (Proactive) 12M(60%)->10M(50%)
[291.173s][info][gc] GC(177) Garbage Collection (Proactive) 12M(60%)->10M(50%)
[292.172s][info][gc] GC(178) Garbage Collection (Proactive) 12M(60%)->10M(50%)
[293.172s][info][gc] GC(179) Garbage Collection (Proactive) 12M(60%)->10M(50%)
[294.172s][info][gc] GC(180) Garbage Collection (Proactive) 12M(60%)->10M(50%)
[295.172s][info][gc] GC(181) Garbage Collection (Proactive) 12M(60%)->10M(50%)
[296.172s][info][gc] GC(182) Garbage Collection (Proactive) 12M(60%)->10M(50%)
[297.172s][info][gc] GC(183) Garbage Collection (Proactive) 12M(60%)->12M(60%)
[311.469s][info][gc] GC(184) Garbage Collection (Proactive) 14M(70%)->10M(50%)
[312.469s][info][gc] GC(185) Garbage Collection (Proactive) 12M(60%)->10M(50%)
[313.468s][info][gc] GC(186) Garbage Collection (Proactive) 12M(60%)->10M(50%)
[314.469s][info][gc] GC(187) Garbage Collection (Proactive) 12M(60%)->10M(50%)
[315.469s][info][gc] GC(188) Garbage Collection (Proactive) 12M(60%)->10M(50%)
[316.469s][info][gc] GC(189) Garbage Collection (Proactive) 12M(60%)->12M(60%)
[330.766s][info][gc] GC(190) Garbage Collection (Proactive) 14M(70%)->10M(50%)
[331.769s][info][gc] GC(191) Garbage Collection (Proactive) 12M(60%)->10M(50%)
[332.969s][info][gc] GC(192) Garbage Collection (Proactive) 12M(60%)->10M(50%)
[334.179s][info][gc] GC(193) Garbage Collection (Proactive) 12M(60%)->10M(50%)
[335.970s][info][gc] GC(194) Garbage Collection (Proactive) 12M(60%)->12M(60%)
[350.969s][info][gc] GC(195) Garbage Collection (Proactive) 14M(70%)->10M(50%)
[352.265s][info][gc] GC(196) Garbage Collection (Proactive) 12M(60%)->10M(50%)
[353.467s][info][gc] GC(197) Garbage Collection (Proactive) 12M(60%)->10M(50%)
[354.563s][info][gc] GC(198) Garbage Collection (Proactive) 12M(60%)->10M(50%)
[355.765s][info][gc] GC(199) Garbage Collection (Proactive) 12M(60%)->10M(50%)
[356.874s][info][gc] GC(200) Garbage Collection (Proactive) 12M(60%)->10M(50%)
[357.859s][info][gc] GC(201) Garbage Collection (Proactive) 12M(60%)->10M(50%)
[358.871s][info][gc] GC(202) Garbage Collection (Proactive) 12M(60%)->10M(50%)
[359.871s][info][gc] GC(203) Garbage Collection (Proactive) 12M(60%)->10M(50%)
[360.835s][info][gc] Allocation Stall (main) 19.271ms
[360.835s][info][gc] GC(204) Garbage Collection (Allocation Stall) 20M(100%)->14M(70%)
[360.861s][info][gc] Allocation Stall (main) 16.328ms
[360.862s][info][gc] GC(205) Garbage Collection (Allocation Stall) 20M(100%)->16M(80%)
[360.885s][info][gc] Allocation Stall (main) 15.477ms
[360.885s][info][gc] GC(206) Garbage Collection (Allocation Stall) 20M(100%)->16M(80%)
[360.907s][info][gc] Allocation Stall (main) 14.670ms
[360.908s][info][gc] Relocation Stall (main) 0.020ms
[360.908s][info][gc] GC(207) Garbage Collection (Allocation Stall) 20M(100%)->18M(90%)
[360.965s][info][gc] GC(208) Garbage Collection (Allocation Rate) 20M(100%)->10M(50%)
[361.061s][info][gc] GC(209) Garbage Collection (Allocation Rate) 10M(50%)->12M(60%)
[361.169s][info][gc] GC(210) Garbage Collection (Allocation Rate) 12M(60%)->10M(50%)
[361.271s][info][gc] GC(211) Garbage Collection (Allocation Rate) 12M(60%)->10M(50%)
[361.364s][info][gc] GC(212) Garbage Collection (Allocation Rate) 10M(50%)->10M(50%)
[361.471s][info][gc] GC(213) Garbage Collection (Allocation Rate) 10M(50%)->10M(50%)
[361.565s][info][gc] GC(214) Garbage Collection (Allocation Rate) 10M(50%)->10M(50%)
[361.659s][info][gc] GC(215) Garbage Collection (Allocation Rate) 10M(50%)->10M(50%)
[361.769s][info][gc] GC(216) Garbage Collection (Allocation Rate) 10M(50%)->10M(50%)
[361.972s][info][gc] GC(217) Garbage Collection (Allocation Rate) 10M(50%)->10M(50%)
[362.064s][info][gc] GC(218) Garbage Collection (Allocation Rate) 10M(50%)->12M(60%)
[362.160s][info][gc] GC(219) Garbage Collection (Allocation Rate) 12M(60%)->10M(50%)
[362.269s][info][gc] GC(220) Garbage Collection (Allocation Rate) 12M(60%)->10M(50%)
[362.361s][info][gc] GC(221) Garbage Collection (Allocation Rate) 10M(50%)->10M(50%)
[362.474s][info][gc] GC(222) Garbage Collection (Allocation Rate) 10M(50%)->10M(50%)
[362.566s][info][gc] GC(223) Garbage Collection (Allocation Rate) 10M(50%)->10M(50%)
[362.661s][info][gc] GC(224) Garbage Collection (Allocation Rate) 10M(50%)->10M(50%)
[363.665s][info][gc] GC(225) Garbage Collection (Proactive) 12M(60%)->10M(50%)
[364.666s][info][gc] GC(226) Garbage Collection (Proactive) 12M(60%)->10M(50%)
[365.665s][info][gc] GC(227) Garbage Collection (Proactive) 12M(60%)->10M(50%)
[366.665s][info][gc] GC(228) Garbage Collection (Proactive) 12M(60%)->10M(50%)
[367.660s][info][gc] GC(229) Garbage Collection (Proactive) 12M(60%)->10M(50%)
[368.769s][info][gc] GC(230) Garbage Collection (Proactive) 12M(60%)->10M(50%)
[369.862s][info][gc] GC(231) Garbage Collection (Proactive) 12M(60%)->10M(50%)
[370.862s][info][gc] GC(232) Garbage Collection (Proactive) 12M(60%)->10M(50%)
[371.863s][info][gc] GC(233) Garbage Collection (Proactive) 12M(60%)->10M(50%)
[372.864s][info][gc] GC(234) Garbage Collection (Proactive) 12M(60%)->8M(40%)
[373.971s][info][gc] GC(235) Garbage Collection (Proactive) 10M(50%)->10M(50%)
[375.065s][info][gc] GC(236) Garbage Collection (Proactive) 12M(60%)->10M(50%)
[376.064s][info][gc] GC(237) Garbage Collection (Proactive) 12M(60%)->10M(50%)
[377.065s][info][gc] GC(238) Garbage Collection (Proactive) 12M(60%)->10M(50%)
[378.069s][info][gc] GC(239) Garbage Collection (Proactive) 12M(60%)->10M(50%)
[379.070s][info][gc] GC(240) Garbage Collection (Proactive) 12M(60%)->10M(50%)
[380.070s][info][gc] GC(241) Garbage Collection (Proactive) 12M(60%)->10M(50%)
[381.070s][info][gc] GC(242) Garbage Collection (Proactive) 12M(60%)->10M(50%)
[382.070s][info][gc] GC(243) Garbage Collection (Proactive) 12M(60%)->10M(50%)
[383.062s][info][gc] GC(244) Garbage Collection (Proactive) 12M(60%)->10M(50%)
[384.063s][info][gc] GC(245) Garbage Collection (Proactive) 12M(60%)->10M(50%)
[385.062s][info][gc] GC(246) Garbage Collection (Proactive) 12M(60%)->10M(50%)
[386.063s][info][gc] GC(247) Garbage Collection (Proactive) 12M(60%)->10M(50%)
[387.063s][info][gc] GC(248) Garbage Collection (Proactive) 12M(60%)->10M(50%)
[388.063s][info][gc] GC(249) Garbage Collection (Proactive) 12M(60%)->10M(50%)
[389.062s][info][gc] GC(250) Garbage Collection (Proactive) 12M(60%)->10M(50%)
[390.062s][info][gc] GC(251) Garbage Collection (Proactive) 12M(60%)->10M(50%)
[391.063s][info][gc] GC(252) Garbage Collection (Proactive) 12M(60%)->10M(50%)
[392.062s][info][gc] GC(253) Garbage Collection (Proactive) 12M(60%)->10M(50%)
[393.073s][info][gc] GC(254) Garbage Collection (Proactive) 12M(60%)->10M(50%)
[394.072s][info][gc] GC(255) Garbage Collection (Proactive) 12M(60%)->10M(50%)
[395.071s][info][gc] GC(256) Garbage Collection (Proactive) 12M(60%)->10M(50%)
[396.072s][info][gc] GC(257) Garbage Collection (Proactive) 12M(60%)->10M(50%)
[397.072s][info][gc] GC(258) Garbage Collection (Proactive) 12M(60%)->10M(50%)
[398.061s][info][gc] GC(259) Garbage Collection (Proactive) 12M(60%)->10M(50%)
[399.061s][info][gc] GC(260) Garbage Collection (Proactive) 12M(60%)->10M(50%)
[400.060s][info][gc] GC(261) Garbage Collection (Proactive) 12M(60%)->10M(50%)
[401.061s][info][gc] GC(262) Garbage Collection (Proactive) 12M(60%)->10M(50%)
[402.067s][info][gc] GC(263) Garbage Collection (Proactive) 12M(60%)->10M(50%)
[403.672s][info][gc] GC(264) Garbage Collection (Proactive) 12M(60%)->10M(50%)
[405.061s][info][gc] GC(265) Garbage Collection (Proactive) 12M(60%)->10M(50%)
[406.263s][info][gc] GC(266) Garbage Collection (Proactive) 12M(60%)->10M(50%)
[407.373s][info][gc] GC(267) Garbage Collection (Proactive) 12M(60%)->10M(50%)
[408.367s][info][gc] GC(268) Garbage Collection (Proactive) 12M(60%)->10M(50%)
[409.367s][info][gc] GC(269) Garbage Collection (Proactive) 12M(60%)->10M(50%)
[410.367s][info][gc] GC(270) Garbage Collection (Proactive) 12M(60%)->10M(50%)
[411.367s][info][gc] GC(271) Garbage Collection (Proactive) 12M(60%)->10M(50%)
[412.273s][info][gc] GC(272) Garbage Collection (Proactive) 12M(60%)->10M(50%)
[413.263s][info][gc] GC(273) Garbage Collection (Proactive) 12M(60%)->10M(50%)
[414.170s][info][gc] GC(274) Garbage Collection (Proactive) 12M(60%)->10M(50%)
[415.170s][info][gc] GC(275) Garbage Collection (Proactive) 12M(60%)->10M(50%)
[416.169s][info][gc] GC(276) Garbage Collection (Proactive) 12M(60%)->10M(50%)
[417.170s][info][gc] GC(277) Garbage Collection (Proactive) 12M(60%)->10M(50%)
[418.170s][info][gc] GC(278) Garbage Collection (Proactive) 12M(60%)->10M(50%)
[419.169s][info][gc] GC(279) Garbage Collection (Proactive) 12M(60%)->10M(50%)
[420.169s][info][gc] GC(280) Garbage Collection (Proactive) 12M(60%)->10M(50%)
[421.169s][info][gc] GC(281) Garbage Collection (Proactive) 12M(60%)->10M(50%)
[422.060s][info][gc] GC(282) Garbage Collection (Proactive) 12M(60%)->10M(50%)
[423.070s][info][gc] GC(283) Garbage Collection (Proactive) 12M(60%)->10M(50%)
[424.070s][info][gc] GC(284) Garbage Collection (Proactive) 12M(60%)->10M(50%)
[425.069s][info][gc] GC(285) Garbage Collection (Proactive) 12M(60%)->10M(50%)
[426.070s][info][gc] GC(286) Garbage Collection (Proactive) 12M(60%)->10M(50%)
[427.070s][info][gc] GC(287) Garbage Collection (Proactive) 12M(60%)->10M(50%)
[428.064s][info][gc] GC(288) Garbage Collection (Proactive) 12M(60%)->10M(50%)
[429.064s][info][gc] GC(289) Garbage Collection (Proactive) 12M(60%)->10M(50%)
[430.064s][info][gc] GC(290) Garbage Collection (Proactive) 12M(60%)->10M(50%)
[431.064s][info][gc] GC(291) Garbage Collection (Proactive) 12M(60%)->10M(50%)
[431.971s][info][gc] GC(292) Garbage Collection (Proactive) 12M(60%)->10M(50%)
[432.971s][info][gc] GC(293) Garbage Collection (Proactive) 12M(60%)->10M(50%)
[433.970s][info][gc] GC(294) Garbage Collection (Proactive) 12M(60%)->10M(50%)
[434.971s][info][gc] GC(295) Garbage Collection (Proactive) 12M(60%)->10M(50%)
[435.971s][info][gc] GC(296) Garbage Collection (Proactive) 12M(60%)->10M(50%)
[436.975s][info][gc] GC(297) Garbage Collection (Proactive) 12M(60%)->10M(50%)
[438.371s][info][gc] GC(298) Garbage Collection (Proactive) 12M(60%)->10M(50%)
[439.669s][info][gc] GC(299) Garbage Collection (Proactive) 12M(60%)->10M(50%)
[440.762s][info][gc] GC(300) Garbage Collection (Proactive) 12M(60%)->10M(50%)
[441.871s][info][gc] GC(301) Garbage Collection (Proactive) 12M(60%)->12M(60%)
[456.466s][info][gc] GC(302) Garbage Collection (Proactive) 14M(70%)->10M(50%)
[457.564s][info][gc] GC(303) Garbage Collection (Proactive) 12M(60%)->10M(50%)
[458.673s][info][gc] GC(304) Garbage Collection (Proactive) 12M(60%)->10M(50%)
[459.673s][info][gc] GC(305) Garbage Collection (Proactive) 12M(60%)->10M(50%)
[460.673s][info][gc] GC(306) Garbage Collection (Proactive) 12M(60%)->10M(50%)
[461.673s][info][gc] GC(307) Garbage Collection (Proactive) 12M(60%)->10M(50%)
[462.564s][info][gc] GC(308) Garbage Collection (Proactive) 12M(60%)->10M(50%)
[463.470s][info][gc] GC(309) Garbage Collection (Proactive) 12M(60%)->10M(50%)
[464.470s][info][gc] GC(310) Garbage Collection (Proactive) 12M(60%)->12M(60%)
[479.273s][info][gc] GC(311) Garbage Collection (Proactive) 14M(70%)->10M(50%)
[480.273s][info][gc] GC(312) Garbage Collection (Proactive) 12M(60%)->10M(50%)
[481.273s][info][gc] GC(313) Garbage Collection (Proactive) 12M(60%)->10M(50%)
[482.273s][info][gc] GC(314) Garbage Collection (Proactive) 12M(60%)->10M(50%)
[483.266s][info][gc] GC(315) Garbage Collection (Proactive) 12M(60%)->12M(60%)
[497.965s][info][gc] GC(316) Garbage Collection (Proactive) 14M(70%)->10M(50%)
[498.969s][info][gc] GC(317) Garbage Collection (Proactive) 12M(60%)->10M(50%)
[499.969s][info][gc] GC(318) Garbage Collection (Proactive) 12M(60%)->10M(50%)
[500.969s][info][gc] GC(319) Garbage Collection (Proactive) 12M(60%)->10M(50%)
[501.969s][info][gc] GC(320) Garbage Collection (Proactive) 12M(60%)->10M(50%)
[502.971s][info][gc] GC(321) Garbage Collection (Proactive) 12M(60%)->10M(50%)
[503.973s][info][gc] GC(322) Garbage Collection (Proactive) 12M(60%)->12M(60%)
[518.460s][info][gc] GC(323) Garbage Collection (Proactive) 14M(70%)->10M(50%)
[519.459s][info][gc] GC(324) Garbage Collection (Proactive) 12M(60%)->10M(50%)
[520.459s][info][gc] GC(325) Garbage Collection (Proactive) 12M(60%)->12M(60%)
[535.463s][info][gc] GC(326) Garbage Collection (Proactive) 14M(70%)->10M(50%)
[536.463s][info][gc] GC(327) Garbage Collection (Proactive) 12M(60%)->10M(50%)
[537.465s][info][gc] GC(328) Garbage Collection (Proactive) 12M(60%)->10M(50%)
[538.465s][info][gc] GC(329) Garbage Collection (Proactive) 12M(60%)->10M(50%)
[539.465s][info][gc] GC(330) Garbage Collection (Proactive) 12M(60%)->10M(50%)
[540.466s][info][gc] GC(331) Garbage Collection (Proactive) 12M(60%)->12M(60%)
[552.668s][info][gc] GC(332) Garbage Collection (Proactive) 14M(70%)->10M(50%)
[553.771s][info][gc] GC(333) Garbage Collection (Proactive) 12M(60%)->10M(50%)
[554.770s][info][gc] GC(334) Garbage Collection (Proactive) 12M(60%)->10M(50%)
[555.759s][info][gc] GC(335) Garbage Collection (Proactive) 14M(70%)->12M(60%)
[556.761s][info][gc] GC(336) Garbage Collection (Proactive) 14M(70%)->12M(60%)
[557.668s][info][gc] GC(337) Garbage Collection (Proactive) 14M(70%)->14M(70%)
[569.859s][info][gc] GC(338) Garbage Collection (Proactive) 16M(80%)->10M(50%)
[570.859s][info][gc] GC(339) Garbage Collection (Proactive) 12M(60%)->12M(60%)
[585.171s][info][gc] GC(340) Garbage Collection (Proactive) 14M(70%)->10M(50%)
[586.172s][info][gc] GC(341) Garbage Collection (Proactive) 12M(60%)->10M(50%)
[587.171s][info][gc] GC(342) Garbage Collection (Proactive) 12M(60%)->10M(50%)
[588.171s][info][gc] GC(343) Garbage Collection (Proactive) 12M(60%)->10M(50%)
[589.170s][info][gc] GC(344) Garbage Collection (Proactive) 12M(60%)->10M(50%)
[590.171s][info][gc] GC(345) Garbage Collection (Proactive) 12M(60%)->10M(50%)
[591.171s][info][gc] GC(346) Garbage Collection (Proactive) 12M(60%)->12M(60%)
[605.471s][info][gc] GC(347) Garbage Collection (Proactive) 14M(70%)->10M(50%)
[606.476s][info][gc] GC(348) Garbage Collection (Proactive) 12M(60%)->10M(50%)
[608.063s][info][gc] GC(349) Garbage Collection (Proactive) 12M(60%)->10M(50%)
[609.470s][info][gc] GC(350) Garbage Collection (Proactive) 12M(60%)->10M(50%)
[610.673s][info][gc] GC(351) Garbage Collection (Proactive) 12M(60%)->10M(50%)
[611.767s][info][gc] GC(352) Garbage Collection (Proactive) 12M(60%)->10M(50%)
[612.861s][info][gc] GC(353) Garbage Collection (Proactive) 12M(60%)->10M(50%)
[613.970s][info][gc] GC(354) Garbage Collection (Proactive) 12M(60%)->10M(50%)
[614.971s][info][gc] GC(355) Garbage Collection (Proactive) 12M(60%)->10M(50%)
[616.064s][info][gc] GC(356) Garbage Collection (Proactive) 12M(60%)->10M(50%)
[617.065s][info][gc] GC(357) Garbage Collection (Proactive) 12M(60%)->10M(50%)
[618.064s][info][gc] GC(358) Garbage Collection (Proactive) 12M(60%)->10M(50%)
[619.063s][info][gc] GC(359) Garbage Collection (Proactive) 12M(60%)->10M(50%)
[620.065s][info][gc] GC(360) Garbage Collection (Proactive) 12M(60%)->10M(50%)
[621.064s][info][gc] GC(361) Garbage Collection (Proactive) 12M(60%)->10M(50%)
[622.064s][info][gc] GC(362) Garbage Collection (Proactive) 12M(60%)->10M(50%)
[623.065s][info][gc] GC(363) Garbage Collection (Proactive) 12M(60%)->10M(50%)
[624.070s][info][gc] GC(364) Garbage Collection (Proactive) 12M(60%)->10M(50%)
[625.073s][info][gc] GC(365) Garbage Collection (Proactive) 12M(60%)->10M(50%)
[626.368s][info][gc] GC(366) Garbage Collection (Proactive) 12M(60%)->10M(50%)
[627.571s][info][gc] GC(367) Garbage Collection (Proactive) 12M(60%)->10M(50%)
[628.673s][info][gc] GC(368) Garbage Collection (Proactive) 12M(60%)->12M(60%)
[641.870s][info][gc] GC(369) Garbage Collection (Proactive) 14M(70%)->10M(50%)
[643.369s][info][gc] GC(370) Garbage Collection (Proactive) 12M(60%)->12M(60%)
[658.167s][info][gc] GC(371) Garbage Collection (Proactive) 14M(70%)->10M(50%)
[659.369s][info][gc] GC(372) Garbage Collection (Proactive) 12M(60%)->10M(50%)
[660.462s][info][gc] GC(373) Garbage Collection (Proactive) 12M(60%)->10M(50%)
[661.464s][info][gc] GC(374) Garbage Collection (Proactive) 12M(60%)->10M(50%)
[662.572s][info][gc] GC(375) Garbage Collection (Proactive) 12M(60%)->12M(60%)
[676.467s][info][gc] GC(376) Garbage Collection (Proactive) 14M(70%)->10M(50%)
[677.870s][info][gc] GC(377) Garbage Collection (Proactive) 12M(60%)->10M(50%)
[679.072s][info][gc] GC(378) Garbage Collection (Proactive) 12M(60%)->10M(50%)
[680.166s][info][gc] GC(379) Garbage Collection (Proactive) 12M(60%)->10M(50%)
[681.166s][info][gc] GC(380) Garbage Collection (Proactive) 12M(60%)->10M(50%)
[682.166s][info][gc] GC(381) Garbage Collection (Proactive) 12M(60%)->10M(50%)
[683.166s][info][gc] GC(382) Garbage Collection (Proactive) 12M(60%)->10M(50%)
[684.166s][info][gc] GC(383) Garbage Collection (Proactive) 12M(60%)->10M(50%)
[685.166s][info][gc] GC(384) Garbage Collection (Proactive) 12M(60%)->10M(50%)
[686.173s][info][gc] GC(385) Garbage Collection (Proactive) 12M(60%)->10M(50%)
[687.173s][info][gc] GC(386) Garbage Collection (Proactive) 12M(60%)->10M(50%)
[688.065s][info][gc] GC(387) Garbage Collection (Proactive) 14M(70%)->12M(60%)
[689.067s][info][gc] GC(388) Garbage Collection (Proactive) 14M(70%)->12M(60%)
[690.067s][info][gc] GC(389) Garbage Collection (Proactive) 14M(70%)->12M(60%)
[691.068s][info][gc] GC(390) Garbage Collection (Proactive) 14M(70%)->12M(60%)
[692.066s][info][gc] GC(391) Garbage Collection (Proactive) 14M(70%)->12M(60%)
[693.067s][info][gc] GC(392) Garbage Collection (Proactive) 14M(70%)->12M(60%)
[694.067s][info][gc] GC(393) Garbage Collection (Proactive) 14M(70%)->12M(60%)
[695.067s][info][gc] GC(394) Garbage Collection (Proactive) 14M(70%)->12M(60%)
[696.067s][info][gc] GC(395) Garbage Collection (Proactive) 14M(70%)->12M(60%)
[697.069s][info][gc] GC(396) Garbage Collection (Proactive) 14M(70%)->12M(60%)
[698.069s][info][gc] GC(397) Garbage Collection (Proactive) 14M(70%)->12M(60%)
[699.068s][info][gc] GC(398) Garbage Collection (Proactive) 14M(70%)->12M(60%)
[700.069s][info][gc] GC(399) Garbage Collection (Proactive) 14M(70%)->12M(60%)
[701.068s][info][gc] GC(400) Garbage Collection (Proactive) 14M(70%)->12M(60%)
[702.069s][info][gc] GC(401) Garbage Collection (Proactive) 14M(70%)->12M(60%)
[703.068s][info][gc] GC(402) Garbage Collection (Proactive) 14M(70%)->12M(60%)
[704.068s][info][gc] GC(403) Garbage Collection (Proactive) 14M(70%)->12M(60%)
[705.074s][info][gc] GC(404) Garbage Collection (Proactive) 14M(70%)->12M(60%)
[706.663s][info][gc] GC(405) Garbage Collection (Proactive) 14M(70%)->12M(60%)
[708.085s][info][gc] GC(406) Garbage Collection (Proactive) 14M(70%)->12M(60%)
[711.068s][info][gc] GC(407) Garbage Collection (Proactive) 14M(70%)->12M(60%)
[713.366s][info][gc] GC(408) Garbage Collection (Proactive) 14M(70%)->12M(60%)
[715.069s][info][gc] GC(409) Garbage Collection (Proactive) 14M(70%)->14M(70%)
[730.162s][info][gc] GC(410) Garbage Collection (Proactive) 16M(80%)->12M(60%)
[731.365s][info][gc] GC(411) Garbage Collection (Proactive) 14M(70%)->12M(60%)
[732.467s][info][gc] GC(412) Garbage Collection (Proactive) 14M(70%)->12M(60%)
[734.365s][info][gc] GC(413) Garbage Collection (Proactive) 14M(70%)->12M(60%)
[735.959s][info][gc] GC(414) Garbage Collection (Proactive) 14M(70%)->12M(60%)
[737.272s][info][gc] GC(415) Garbage Collection (Proactive) 14M(70%)->12M(60%)
[738.365s][info][gc] GC(416) Garbage Collection (Proactive) 14M(70%)->12M(60%)
[739.365s][info][gc] GC(417) Garbage Collection (Proactive) 14M(70%)->12M(60%)
[740.365s][info][gc] GC(418) Garbage Collection (Proactive) 14M(70%)->12M(60%)
[741.365s][info][gc] GC(419) Garbage Collection (Proactive) 14M(70%)->14M(70%)
[754.570s][info][gc] GC(420) Garbage Collection (Proactive) 16M(80%)->12M(60%)
[755.570s][info][gc] GC(421) Garbage Collection (Proactive) 14M(70%)->12M(60%)
[756.569s][info][gc] GC(422) Garbage Collection (Proactive) 14M(70%)->12M(60%)
[757.571s][info][gc] GC(423) Garbage Collection (Proactive) 14M(70%)->12M(60%)
[758.572s][info][gc] GC(424) Garbage Collection (Proactive) 14M(70%)->12M(60%)
[759.571s][info][gc] GC(425) Garbage Collection (Proactive) 14M(70%)->12M(60%)
[760.571s][info][gc] GC(426) Garbage Collection (Proactive) 14M(70%)->14M(70%)
[773.877s][info][gc] GC(427) Garbage Collection (Proactive) 16M(80%)->12M(60%)
[775.760s][info][gc] GC(428) Garbage Collection (Proactive) 14M(70%)->12M(60%)
[777.368s][info][gc] GC(429) Garbage Collection (Proactive) 14M(70%)->12M(60%)
[778.666s][info][gc] GC(430) Garbage Collection (Proactive) 14M(70%)->14M(70%)
[793.165s][info][gc] GC(431) Garbage Collection (Proactive) 16M(80%)->12M(60%)
[794.165s][info][gc] GC(432) Garbage Collection (Proactive) 14M(70%)->12M(60%)
[795.165s][info][gc] GC(433) Garbage Collection (Proactive) 14M(70%)->12M(60%)
[796.072s][info][gc] GC(434) Garbage Collection (Proactive) 14M(70%)->12M(60%)
[797.071s][info][gc] GC(435) Garbage Collection (Proactive) 14M(70%)->12M(60%)
[798.071s][info][gc] GC(436) Garbage Collection (Proactive) 14M(70%)->12M(60%)
[798.962s][info][gc] GC(437) Garbage Collection (Proactive) 14M(70%)->12M(60%)
[799.868s][info][gc] GC(438) Garbage Collection (Proactive) 14M(70%)->12M(60%)
[800.759s][info][gc] GC(439) Garbage Collection (Proactive) 14M(70%)->12M(60%)
[801.665s][info][gc] GC(440) Garbage Collection (Proactive) 14M(70%)->12M(60%)
[802.571s][info][gc] GC(441) Garbage Collection (Proactive) 14M(70%)->12M(60%)
[803.484s][info][gc] GC(442) Garbage Collection (Proactive) 14M(70%)->12M(60%)
[806.759s][info][gc] GC(443) Garbage Collection (Proactive) 14M(70%)->12M(60%)
[809.369s][info][gc] GC(444) Garbage Collection (Proactive) 14M(70%)->12M(60%)
[811.259s][info][gc] GC(445) Garbage Collection (Proactive) 14M(70%)->12M(60%)
[812.668s][info][gc] GC(446) Garbage Collection (Proactive) 14M(70%)->10M(50%)
[814.072s][info][gc] GC(447) Garbage Collection (Proactive) 12M(60%)->10M(50%)
[815.259s][info][gc] GC(448) Garbage Collection (Proactive) 12M(60%)->10M(50%)
[816.369s][info][gc] GC(449) Garbage Collection (Proactive) 12M(60%)->12M(60%)
[829.666s][info][gc] GC(450) Garbage Collection (Proactive) 14M(70%)->10M(50%)
[830.665s][info][gc] GC(451) Garbage Collection (Proactive) 12M(60%)->10M(50%)
[831.666s][info][gc] GC(452) Garbage Collection (Proactive) 12M(60%)->10M(50%)
[832.666s][info][gc] GC(453) Garbage Collection (Proactive) 12M(60%)->10M(50%)
[833.572s][info][gc] GC(454) Garbage Collection (Proactive) 12M(60%)->10M(50%)
[834.463s][info][gc] GC(455) Garbage Collection (Proactive) 12M(60%)->10M(50%)
[835.463s][info][gc] GC(456) Garbage Collection (Proactive) 12M(60%)->10M(50%)
[836.463s][info][gc] GC(457) Garbage Collection (Proactive) 12M(60%)->10M(50%)
[837.463s][info][gc] GC(458) Garbage Collection (Proactive) 12M(60%)->10M(50%)
[838.369s][info][gc] GC(459) Garbage Collection (Proactive) 12M(60%)->10M(50%)
[839.368s][info][gc] GC(460) Garbage Collection (Proactive) 12M(60%)->10M(50%)
[840.369s][info][gc] GC(461) Garbage Collection (Proactive) 12M(60%)->10M(50%)
[841.369s][info][gc] GC(462) Garbage Collection (Proactive) 12M(60%)->10M(50%)
[842.368s][info][gc] GC(463) Garbage Collection (Proactive) 12M(60%)->10M(50%)
[843.259s][info][gc] GC(464) Garbage Collection (Proactive) 12M(60%)->10M(50%)
[844.165s][info][gc] GC(465) Garbage Collection (Proactive) 12M(60%)->10M(50%)
[845.094s][info][gc] GC(466) Garbage Collection (Proactive) 12M(60%)->10M(50%)
[848.369s][info][gc] GC(467) Garbage Collection (Proactive) 12M(60%)->12M(60%)
[863.572s][info][gc] GC(468) Garbage Collection (Proactive) 14M(70%)->10M(50%)
[865.463s][info][gc] GC(469) Garbage Collection (Proactive) 12M(60%)->10M(50%)
[866.869s][info][gc] GC(470) Garbage Collection (Proactive) 12M(60%)->10M(50%)
[868.072s][info][gc] GC(471) Garbage Collection (Proactive) 12M(60%)->10M(50%)
[869.167s][info][gc] GC(472) Garbage Collection (Proactive) 12M(60%)->12M(60%)
[884.464s][info][gc] GC(473) Garbage Collection (Proactive) 14M(70%)->10M(50%)
[885.464s][info][gc] GC(474) Garbage Collection (Proactive) 12M(60%)->10M(50%)
[886.463s][info][gc] GC(475) Garbage Collection (Proactive) 12M(60%)->10M(50%)
[887.464s][info][gc] GC(476) Garbage Collection (Proactive) 12M(60%)->12M(60%)
[901.966s][info][gc] GC(477) Garbage Collection (Proactive) 14M(70%)->10M(50%)
[902.965s][info][gc] GC(478) Garbage Collection (Proactive) 12M(60%)->10M(50%)
[903.975s][info][gc] GC(479) Garbage Collection (Proactive) 12M(60%)->12M(60%)
[917.170s][info][gc] GC(480) Garbage Collection (Proactive) 14M(70%)->10M(50%)
[919.063s][info][gc] GC(481) Garbage Collection (Proactive) 12M(60%)->12M(60%)
[934.171s][info][gc] GC(482) Garbage Collection (Proactive) 14M(70%)->10M(50%)
[935.468s][info][gc] GC(483) Garbage Collection (Proactive) 12M(60%)->10M(50%)
[936.672s][info][gc] GC(484) Garbage Collection (Proactive) 12M(60%)->10M(50%)
[937.874s][info][gc] GC(485) Garbage Collection (Proactive) 12M(60%)->10M(50%)
[938.968s][info][gc] GC(486) Garbage Collection (Proactive) 12M(60%)->10M(50%)
[940.061s][info][gc] GC(487) Garbage Collection (Proactive) 12M(60%)->10M(50%)
[941.061s][info][gc] GC(488) Garbage Collection (Proactive) 12M(60%)->10M(50%)
[942.062s][info][gc] GC(489) Garbage Collection (Proactive) 12M(60%)->10M(50%)
[943.062s][info][gc] GC(490) Garbage Collection (Proactive) 12M(60%)->10M(50%)
[944.062s][info][gc] GC(491) Garbage Collection (Proactive) 12M(60%)->10M(50%)
[945.061s][info][gc] GC(492) Garbage Collection (Proactive) 12M(60%)->10M(50%)
[946.063s][info][gc] GC(493) Garbage Collection (Proactive) 12M(60%)->10M(50%)
[947.171s][info][gc] GC(494) Garbage Collection (Proactive) 12M(60%)->10M(50%)
[948.172s][info][gc] GC(495) Garbage Collection (Proactive) 12M(60%)->10M(50%)
[949.267s][info][gc] GC(496) Garbage Collection (Proactive) 12M(60%)->10M(50%)
[950.381s][info][gc] GC(497) Garbage Collection (Proactive) 12M(60%)->12M(60%)
[963.671s][info][gc] GC(498) Garbage Collection (Proactive) 14M(70%)->10M(50%)
[965.171s][info][gc] GC(499) Garbage Collection (Proactive) 12M(60%)->10M(50%)
[966.468s][info][gc] GC(500) Garbage Collection (Proactive) 12M(60%)->10M(50%)
[967.561s][info][gc] GC(501) Garbage Collection (Proactive) 12M(60%)->10M(50%)
[968.670s][info][gc] GC(502) Garbage Collection (Proactive) 12M(60%)->12M(60%)
[982.874s][info][gc] GC(503) Garbage Collection (Proactive) 14M(70%)->10M(50%)
[983.874s][info][gc] GC(504) Garbage Collection (Proactive) 12M(60%)->12M(60%)
[998.171s][info][gc] GC(505) Garbage Collection (Proactive) 14M(70%)->10M(50%)
[999.265s][info][gc] GC(506) Garbage Collection (Proactive) 12M(60%)->10M(50%)
[1000.265s][info][gc] GC(507) Garbage Collection (Proactive) 12M(60%)->10M(50%)
[1001.264s][info][gc] GC(508) Garbage Collection (Proactive) 12M(60%)->10M(50%)
[1002.265s][info][gc] GC(509) Garbage Collection (Proactive) 12M(60%)->10M(50%)
[1003.264s][info][gc] GC(510) Garbage Collection (Proactive) 12M(60%)->10M(50%)
[1004.264s][info][gc] GC(511) Garbage Collection (Proactive) 12M(60%)->10M(50%)
[1005.265s][info][gc] GC(512) Garbage Collection (Proactive) 12M(60%)->10M(50%)
[1006.265s][info][gc] GC(513) Garbage Collection (Proactive) 12M(60%)->10M(50%)
[1007.264s][info][gc] GC(514) Garbage Collection (Proactive) 12M(60%)->10M(50%)
[1008.264s][info][gc] GC(515) Garbage Collection (Proactive) 12M(60%)->10M(50%)
[1009.264s][info][gc] GC(516) Garbage Collection (Proactive) 12M(60%)->10M(50%)
[1010.171s][info][gc] GC(517) Garbage Collection (Proactive) 12M(60%)->10M(50%)
[1011.172s][info][gc] GC(518) Garbage Collection (Proactive) 12M(60%)->10M(50%)
[1012.265s][info][gc] GC(519) Garbage Collection (Proactive) 12M(60%)->12M(60%)
[1025.562s][info][gc] GC(520) Garbage Collection (Proactive) 14M(70%)->10M(50%)
[1026.561s][info][gc] GC(521) Garbage Collection (Proactive) 12M(60%)->10M(50%)
[1027.561s][info][gc] GC(522) Garbage Collection (Proactive) 12M(60%)->10M(50%)
[1028.561s][info][gc] GC(523) Garbage Collection (Proactive) 12M(60%)->10M(50%)
[1029.561s][info][gc] GC(524) Garbage Collection (Proactive) 12M(60%)->10M(50%)
[1030.561s][info][gc] GC(525) Garbage Collection (Proactive) 12M(60%)->12M(60%)
[1045.875s][info][gc] GC(526) Garbage Collection (Proactive) 14M(70%)->10M(50%)
[1046.968s][info][gc] GC(527) Garbage Collection (Proactive) 12M(60%)->10M(50%)
[1047.969s][info][gc] GC(528) Garbage Collection (Proactive) 12M(60%)->10M(50%)
[1048.969s][info][gc] GC(529) Garbage Collection (Proactive) 12M(60%)->10M(50%)
[1049.969s][info][gc] GC(530) Garbage Collection (Proactive) 12M(60%)->10M(50%)
[1050.970s][info][gc] GC(531) Garbage Collection (Proactive) 12M(60%)->10M(50%)
[1052.067s][info][gc] GC(532) Garbage Collection (Proactive) 12M(60%)->10M(50%)
[1053.475s][info][gc] GC(533) Garbage Collection (Proactive) 12M(60%)->10M(50%)
[1054.968s][info][gc] GC(534) Garbage Collection (Proactive) 12M(60%)->10M(50%)
[1056.468s][info][gc] GC(535) Garbage Collection (Proactive) 12M(60%)->10M(50%)
[1057.671s][info][gc] GC(536) Garbage Collection (Proactive) 12M(60%)->10M(50%)
[1058.764s][info][gc] GC(537) Garbage Collection (Proactive) 12M(60%)->10M(50%)
[1059.765s][info][gc] GC(538) Garbage Collection (Proactive) 12M(60%)->10M(50%)
[1060.765s][info][gc] GC(539) Garbage Collection (Proactive) 12M(60%)->10M(50%)
[1061.765s][info][gc] GC(540) Garbage Collection (Proactive) 12M(60%)->10M(50%)
[1062.671s][info][gc] GC(541) Garbage Collection (Proactive) 12M(60%)->10M(50%)
[1063.562s][info][gc] GC(542) Garbage Collection (Proactive) 12M(60%)->10M(50%)
[1064.468s][info][gc] GC(543) Garbage Collection (Proactive) 12M(60%)->10M(50%)
[1065.356s][info][gc] GC(544) Garbage Collection (Proactive) 12M(60%)->10M(50%)
[1066.358s][info][gc] GC(545) Garbage Collection (Proactive) 12M(60%)->10M(50%)
[1067.263s][info][gc] GC(546) Garbage Collection (Proactive) 12M(60%)->10M(50%)
[1068.170s][info][gc] GC(547) Garbage Collection (Proactive) 12M(60%)->10M(50%)
[1069.062s][info][gc] GC(548) Garbage Collection (Proactive) 12M(60%)->10M(50%)
[1070.061s][info][gc] GC(549) Garbage Collection (Proactive) 12M(60%)->10M(50%)
[1070.967s][info][gc] GC(550) Garbage Collection (Proactive) 12M(60%)->10M(50%)
[1071.858s][info][gc] GC(551) Garbage Collection (Proactive) 12M(60%)->10M(50%)
[1072.764s][info][gc] GC(552) Garbage Collection (Proactive) 12M(60%)->10M(50%)
[1073.670s][info][gc] GC(553) Garbage Collection (Proactive) 12M(60%)->10M(50%)
[1074.560s][info][gc] GC(554) Garbage Collection (Proactive) 12M(60%)->10M(50%)
[1075.467s][info][gc] GC(555) Garbage Collection (Proactive) 12M(60%)->10M(50%)
[1076.358s][info][gc] GC(556) Garbage Collection (Proactive) 12M(60%)->10M(50%)
[1077.263s][info][gc] GC(557) Garbage Collection (Proactive) 12M(60%)->10M(50%)
[1078.169s][info][gc] GC(558) Garbage Collection (Proactive) 12M(60%)->10M(50%)
[1079.060s][info][gc] GC(559) Garbage Collection (Proactive) 12M(60%)->10M(50%)
[1079.858s][info][gc] GC(560) Garbage Collection (Proactive) 12M(60%)->10M(50%)
[1080.764s][info][gc] GC(561) Garbage Collection (Proactive) 12M(60%)->10M(50%)
[1081.670s][info][gc] GC(562) Garbage Collection (Proactive) 12M(60%)->10M(50%)
[1082.561s][info][gc] GC(563) Garbage Collection (Proactive) 12M(60%)->10M(50%)
[1083.467s][info][gc] GC(564) Garbage Collection (Proactive) 12M(60%)->10M(50%)
[1084.357s][info][gc] GC(565) Garbage Collection (Proactive) 12M(60%)->12M(60%)
[1099.670s][info][gc] GC(566) Garbage Collection (Proactive) 14M(70%)->12M(60%)
